Component: ARM Compiler 5.05 update 1 (build 106) Tool: armlink [4d0efa]

==============================================================================

Section Cross References

    main.o(i.SHA1Input) refers to main.o(i.SHA1ProcessMessageBlock) for SHA1ProcessMessageBlock
    main.o(i.SHA1PadMessage) refers to main.o(i.SHA1ProcessMessageBlock) for SHA1ProcessMessageBlock
    main.o(i.SHA1ProcessMessageBlock) refers to main.o(.constdata) for .constdata
    main.o(i.SHA1Result) refers to main.o(i.SHA1PadMessage) for SHA1PadMessage
    main.o(i.analy_data) refers to _printf_percent.o(.ARM.Collect$$_printf_percent$$00000000) for _printf_percent
    main.o(i.analy_data) refers to _printf_d.o(.ARM.Collect$$_printf_percent$$00000009) for _printf_d
    main.o(i.analy_data) refers to _printf_s.o(.ARM.Collect$$_printf_percent$$00000014) for _printf_s
    main.o(i.analy_data) refers to _printf_dec.o(.text) for _printf_int_dec
    main.o(i.analy_data) refers to _printf_str.o(.text) for _printf_str
    main.o(i.analy_data) refers to _printf_u.o(.ARM.Collect$$_printf_percent$$0000000A) for _printf_u
    main.o(i.analy_data) refers to strlen.o(.text) for strlen
    main.o(i.analy_data) refers to noretval__2printf.o(.text) for __2printf
    main.o(i.analy_data) refers to rt_memclr.o(.text) for __aeabi_memclr
    main.o(i.analy_data) refers to rt_memcpy_v6.o(.text) for __aeabi_memcpy
    main.o(i.analy_data) refers to main.o(.bss) for g_ws_read_buf
    main.o(i.analy_data) refers to main.o(.constdata) for __func__
    main.o(i.base64_encode) refers to strlen.o(.text) for strlen
    main.o(i.base64_encode) refers to rt_memclr.o(.text) for __aeabi_memclr
    main.o(i.base64_encode) refers to main.o(.bss) for g_ws_read_buf
    main.o(i.base64_encode) refers to main.o(.constdata) for base
    main.o(i.compute_accept_key) refers to _printf_percent.o(.ARM.Collect$$_printf_percent$$00000000) for _printf_percent
    main.o(i.compute_accept_key) refers to _printf_s.o(.ARM.Collect$$_printf_percent$$00000014) for _printf_s
    main.o(i.compute_accept_key) refers to _printf_str.o(.text) for _printf_str
    main.o(i.compute_accept_key) refers to noretval__2printf.o(.text) for __2printf
    main.o(i.compute_accept_key) refers to main.o(i.fetch_sec_key) for fetch_sec_key
    main.o(i.compute_accept_key) refers to strcat.o(.text) for strcat
    main.o(i.compute_accept_key) refers to main.o(i.sha1_hash) for sha1_hash
    main.o(i.compute_accept_key) refers to strlen.o(.text) for strlen
    main.o(i.compute_accept_key) refers to rt_memclr.o(.text) for __aeabi_memclr
    main.o(i.compute_accept_key) refers to main.o(i.htoi) for htoi
    main.o(i.compute_accept_key) refers to main.o(i.base64_encode) for base64_encode
    main.o(i.compute_accept_key) refers to main.o(.bss) for g_ws_read_buf
    main.o(i.fetch_sec_key) refers to _printf_percent.o(.ARM.Collect$$_printf_percent$$00000000) for _printf_percent
    main.o(i.fetch_sec_key) refers to _printf_d.o(.ARM.Collect$$_printf_percent$$00000009) for _printf_d
    main.o(i.fetch_sec_key) refers to _printf_s.o(.ARM.Collect$$_printf_percent$$00000014) for _printf_s
    main.o(i.fetch_sec_key) refers to _printf_dec.o(.text) for _printf_int_dec
    main.o(i.fetch_sec_key) refers to _printf_str.o(.text) for _printf_str
    main.o(i.fetch_sec_key) refers to rt_memclr.o(.text) for __aeabi_memclr
    main.o(i.fetch_sec_key) refers to strstr.o(.text) for strstr
    main.o(i.fetch_sec_key) refers to noretval__2printf.o(.text) for __2printf
    main.o(i.fetch_sec_key) refers to strlen.o(.text) for strlen
    main.o(i.fetch_sec_key) refers to main.o(.bss) for g_ws_write_buf
    main.o(i.fetch_sec_key) refers to main.o(.constdata) for __func__
    main.o(i.htoi) refers to main.o(i.tolower) for tolower
    main.o(i.main) refers to rt_memclr.o(.text) for __aeabi_memclr
    main.o(i.main) refers to noretval__2printf.o(.text) for __2printf
    main.o(i.main) refers to main.o(i.compute_accept_key) for compute_accept_key
    main.o(i.main) refers to main.o(i.shake_hand) for shake_hand
    main.o(i.main) refers to main.o(i.response) for response
    main.o(i.main) refers to main.o(.bss) for g_ws_read_buf
    main.o(i.pack_data) refers to strlen.o(.text) for strlen
    main.o(i.pack_data) refers to rt_memclr.o(.text) for __aeabi_memclr
    main.o(i.pack_data) refers to rt_memcpy_v6.o(.text) for __aeabi_memcpy
    main.o(i.pack_data) refers to main.o(.bss) for g_ws_write_buf
    main.o(i.sha1_hash) refers to _printf_percent.o(.ARM.Collect$$_printf_percent$$00000000) for _printf_percent
    main.o(i.sha1_hash) refers to _printf_d.o(.ARM.Collect$$_printf_percent$$00000009) for _printf_d
    main.o(i.sha1_hash) refers to _printf_s.o(.ARM.Collect$$_printf_percent$$00000014) for _printf_s
    main.o(i.sha1_hash) refers to _printf_dec.o(.text) for _printf_int_dec
    main.o(i.sha1_hash) refers to _printf_str.o(.text) for _printf_str
    main.o(i.sha1_hash) refers to _printf_pad.o(.text) for _printf_pre_padding
[...]
    Removing stm32f10x_spi.o(i.SPI_StructInit), (24 bytes).
    Removing stm32f10x_spi.o(i.SPI_TransmitCRC), (10 bytes).
    Removing stm32f10x_tim.o(i.TI1_Config), (128 bytes).
    Removing stm32f10x_tim.o(i.TI2_Config), (152 bytes).
    Removing stm32f10x_tim.o(i.TI3_Config), (144 bytes).
    Removing stm32f10x_tim.o(i.TI4_Config), (152 bytes).
    Removing stm32f10x_tim.o(i.TIM_ARRPreloadConfig), (24 bytes).
    Removing stm32f10x_tim.o(i.TIM_BDTRConfig), (32 bytes).
    Removing stm32f10x_tim.o(i.TIM_BDTRStructInit), (18 bytes).
    Removing stm32f10x_tim.o(i.TIM_CCPreloadControl), (24 bytes).
    Removing stm32f10x_tim.o(i.TIM_CCxCmd), (30 bytes).
    Removing stm32f10x_tim.o(i.TIM_CCxNCmd), (30 bytes).
    Removing stm32f10x_tim.o(i.TIM_ClearFlag), (6 bytes).
    Removing stm32f10x_tim.o(i.TIM_ClearITPendingBit), (6 bytes).
    Removing stm32f10x_tim.o(i.TIM_ClearOC1Ref), (18 bytes).
    Removing stm32f10x_tim.o(i.TIM_ClearOC2Ref), (24 bytes).
    Removing stm32f10x_tim.o(i.TIM_ClearOC3Ref), (18 bytes).
    Removing stm32f10x_tim.o(i.TIM_ClearOC4Ref), (24 bytes).
    Removing stm32f10x_tim.o(i.TIM_Cmd), (24 bytes).
    Removing stm32f10x_tim.o(i.TIM_CounterModeConfig), (18 bytes).
    Removing stm32f10x_tim.o(i.TIM_CtrlPWMOutputs), (30 bytes).
    Removing stm32f10x_tim.o(i.TIM_DMACmd), (18 bytes).
    Removing stm32f10x_tim.o(i.TIM_DMAConfig), (10 bytes).
    Removing stm32f10x_tim.o(i.TIM_DeInit), (488 bytes).
    Removing stm32f10x_tim.o(i.TIM_ETRClockMode1Config), (54 bytes).
    Removing stm32f10x_tim.o(i.TIM_ETRClockMode2Config), (32 bytes).
    Removing stm32f10x_tim.o(i.TIM_ETRConfig), (28 bytes).
    Removing stm32f10x_tim.o(i.TIM_EncoderInterfaceConfig), (66 bytes).
    Removing stm32f10x_tim.o(i.TIM_ForcedOC1Config), (18 bytes).
    Removing stm32f10x_tim.o(i.TIM_ForcedOC2Config), (26 bytes).
    Removing stm32f10x_tim.o(i.TIM_ForcedOC3Config), (18 bytes).
    Removing stm32f10x_tim.o(i.TIM_ForcedOC4Config), (26 bytes).
    Removing stm32f10x_tim.o(i.TIM_GenerateEvent), (4 bytes).
    Removing stm32f10x_tim.o(i.TIM_GetCapture1), (6 bytes).
    Removing stm32f10x_tim.o(i.TIM_GetCapture2), (6 bytes).
    Removing stm32f10x_tim.o(i.TIM_GetCapture3), (6 bytes).
    Removing stm32f10x_tim.o(i.TIM_GetCapture4), (8 bytes).
    Removing stm32f10x_tim.o(i.TIM_GetCounter), (6 bytes).
    Removing stm32f10x_tim.o(i.TIM_GetFlagStatus), (18 bytes).
    Removing stm32f10x_tim.o(i.TIM_GetITStatus), (34 bytes).
    Removing stm32f10x_tim.o(i.TIM_GetPrescaler), (6 bytes).
    Removing stm32f10x_tim.o(i.TIM_ICInit), (172 bytes).
    Removing stm32f10x_tim.o(i.TIM_ICStructInit), (18 bytes).
    Removing stm32f10x_tim.o(i.TIM_ITConfig), (18 bytes).
    Removing stm32f10x_tim.o(i.TIM_ITRxExternalClockConfig), (24 bytes).
    Removing stm32f10x_tim.o(i.TIM_InternalClockConfig), (12 bytes).
    Removing stm32f10x_tim.o(i.TIM_OC1FastConfig), (18 bytes).
    Removing stm32f10x_tim.o(i.TIM_OC1Init), (152 bytes).
    Removing stm32f10x_tim.o(i.TIM_OC1NPolarityConfig), (18 bytes).
    Removing stm32f10x_tim.o(i.TIM_OC1PolarityConfig), (18 bytes).
    Removing stm32f10x_tim.o(i.TIM_OC1PreloadConfig), (18 bytes).
    Removing stm32f10x_tim.o(i.TIM_OC2FastConfig), (26 bytes).
    Removing stm32f10x_tim.o(i.TIM_OC2Init), (164 bytes).
    Removing stm32f10x_tim.o(i.TIM_OC2NPolarityConfig), (26 bytes).
    Removing stm32f10x_tim.o(i.TIM_OC2PolarityConfig), (26 bytes).
    Removing stm32f10x_tim.o(i.TIM_OC2PreloadConfig), (26 bytes).
    Removing stm32f10x_tim.o(i.TIM_OC3FastConfig), (18 bytes).
    Removing stm32f10x_tim.o(i.TIM_OC3Init), (160 bytes).
    Removing stm32f10x_tim.o(i.TIM_OC3NPolarityConfig), (26 bytes).
    Removing stm32f10x_tim.o(i.TIM_OC3PolarityConfig), (26 bytes).
    Removing stm32f10x_tim.o(i.TIM_OC3PreloadConfig), (18 bytes).
    Removing stm32f10x_tim.o(i.TIM_OC4FastConfig), (26 bytes).
    Removing stm32f10x_tim.o(i.TIM_OC4Init), (124 bytes).
    Removing stm32f10x_tim.o(i.TIM_OC4PolarityConfig), (26 bytes).
    Removing stm32f10x_tim.o(i.TIM_OC4PreloadConfig), (26 bytes).
    Removing stm32f10x_tim.o(i.TIM_OCStructInit), (20 bytes).
    Removing stm32f10x_tim.o(i.TIM_PWMIConfig), (124 bytes).
    Removing stm32f10x_tim.o(i.TIM_PrescalerConfig), (6 bytes).
    Removing stm32f10x_tim.o(i.TIM_SelectCCDMA), (24 bytes).
    Removing stm32f10x_tim.o(i.TIM_SelectCOM), (24 bytes).
    Removing stm32f10x_tim.o(i.TIM_SelectHallSensor), (24 bytes).
    Removing stm32f10x_tim.o(i.TIM_SelectInputTrigger), (18 bytes).
    Removing stm32f10x_tim.o(i.TIM_SelectMasterSlaveMode), (18 bytes).
    Removing stm32f10x_tim.o(i.TIM_SelectOCxM), (82 bytes).
    Removing stm32f10x_tim.o(i.TIM_SelectOnePulseMode), (18 bytes).
    Removing stm32f10x_tim.o(i.TIM_SelectOutputTrigger), (18 bytes).
    Removing stm32f10x_tim.o(i.TIM_SelectSlaveMode), (18 bytes).
    Removing stm32f10x_tim.o(i.TIM_SetAutoreload), (4 bytes).
    Removing stm32f10x_tim.o(i.TIM_SetClockDivision), (18 bytes).
    Removing stm32f10x_tim.o(i.TIM_SetCompare1), (4 bytes).
    Removing stm32f10x_tim.o(i.TIM_SetCompare2), (4 bytes).
    Removing stm32f10x_tim.o(i.TIM_SetCompare3), (4 bytes).
    Removing stm32f10x_tim.o(i.TIM_SetCompare4), (6 bytes).
    Removing stm32f10x_tim.o(i.TIM_SetCounter), (4 bytes).
    Removing stm32f10x_tim.o(i.TIM_SetIC1Prescaler), (18 bytes).
    Removing stm32f10x_tim.o(i.TIM_SetIC2Prescaler), (26 bytes).
    Removing stm32f10x_tim.o(i.TIM_SetIC3Prescaler), (18 bytes).
    Removing stm32f10x_tim.o(i.TIM_SetIC4Prescaler), (26 bytes).
    Removing stm32f10x_tim.o(i.TIM_TIxExternalClockConfig), (62 bytes).
    Removing stm32f10x_tim.o(i.TIM_TimeBaseInit), (164 bytes).
    Removing stm32f10x_tim.o(i.TIM_TimeBaseStructInit), (18 bytes).
    Removing stm32f10x_tim.o(i.TIM_UpdateDisableConfig), (24 bytes).
    Removing stm32f10x_tim.o(i.TIM_UpdateRequestConfig), (24 bytes).
    Removing stm32f10x_usart.o(i.USART_ClearFlag), (18 bytes).
    Removing stm32f10x_usart.o(i.USART_ClearITPendingBit), (30 bytes).
    Removing stm32f10x_usart.o(i.USART_ClockInit), (34 bytes).
    Removing stm32f10x_usart.o(i.USART_ClockStructInit), (12 bytes).
    Removing stm32f10x_usart.o(i.USART_Cmd), (24 bytes).
    Removing stm32f10x_usart.o(i.USART_DMACmd), (18 bytes).
    Removing stm32f10x_usart.o(i.USART_DeInit), (156 bytes).
    Removing stm32f10x_usart.o(i.USART_GetFlagStatus), (26 bytes).
    Removing stm32f10x_usart.o(i.USART_GetITStatus), (84 bytes).
    Removing stm32f10x_usart.o(i.USART_HalfDuplexCmd), (24 bytes).
    Removing stm32f10x_usart.o(i.USART_ITConfig), (74 bytes).
    Removing stm32f10x_usart.o(i.USART_Init), (216 bytes).
    Removing stm32f10x_usart.o(i.USART_IrDACmd), (24 bytes).
    Removing stm32f10x_usart.o(i.USART_IrDAConfig), (18 bytes).
    Removing stm32f10x_usart.o(i.USART_LINBreakDetectLengthConfig), (18 bytes).
    Removing stm32f10x_usart.o(i.USART_LINCmd), (24 bytes).
    Removing stm32f10x_usart.o(i.USART_OneBitMethodCmd), (24 bytes).
    Removing stm32f10x_usart.o(i.USART_OverSampling8Cmd), (22 bytes).
    Removing stm32f10x_usart.o(i.USART_ReceiveData), (10 bytes).
    Removing stm32f10x_usart.o(i.USART_ReceiverWakeUpCmd), (24 bytes).
    Removing stm32f10x_usart.o(i.USART_SendBreak), (10 bytes).
    Removing stm32f10x_usart.o(i.USART_SendData), (8 bytes).
    Removing stm32f10x_usart.o(i.USART_SetAddress), (18 bytes).
    Removing stm32f10x_usart.o(i.USART_SetGuardTime), (16 bytes).
    Removing stm32f10x_usart.o(i.USART_SetPrescaler), (16 bytes).
    Removing stm32f10x_usart.o(i.USART_SmartCardCmd), (24 bytes).
    Removing stm32f10x_usart.o(i.USART_SmartCardNACKCmd), (24 bytes).
    Removing stm32f10x_usart.o(i.USART_StructInit), (24 bytes).
    Removing stm32f10x_usart.o(i.USART_WakeUpConfig), (18 bytes).
    Removing stm32f10x_wwdg.o(i.WWDG_ClearFlag), (12 bytes).
    Removing stm32f10x_wwdg.o(i.WWDG_DeInit), (22 bytes).
    Removing stm32f10x_wwdg.o(i.WWDG_Enable), (16 bytes).
    Removing stm32f10x_wwdg.o(i.WWDG_EnableIT), (12 bytes).
    Removing stm32f10x_wwdg.o(i.WWDG_GetFlagStatus), (12 bytes).
    Removing stm32f10x_wwdg.o(i.WWDG_SetCounter), (16 bytes).
    Removing stm32f10x_wwdg.o(i.WWDG_SetPrescaler), (24 bytes).
    Removing stm32f10x_wwdg.o(i.WWDG_SetWindowValue), (40 bytes).
    Removing core_cm3.o(.emb_text), (32 bytes).
    Removing system_stm32f10x.o(i.SystemCoreClockUpdate), (164 bytes).
    Removing system_stm32f10x.o(.data), (20 bytes).

478 unused section(s) (total 19936 bytes) removed from the image.

==============================================================================

Image Symbol Table

    Local Symbols

    Symbol Name                              Value     Ov Type        Size  Object(Section)

    ../clib/angel/boardlib.s                 0x00000000   Number         0  boardshut.o ABSOLUTE
    ../clib/angel/boardlib.s                 0x00000000   Number         0  boardinit1.o ABSOLUTE
    ../clib/angel/boardlib.s                 0x00000000   Number         0  boardinit2.o ABSOLUTE
    ../clib/angel/boardlib.s                 0x00000000   Number         0  boardinit3.o ABSOLUTE
    ../clib/angel/handlers.s                 0x00000000   Number         0  __scatter_zi.o ABSOLUTE
    ../clib/angel/handlers.s                 0x00000000   Number         0  __scatter_copy.o ABSOLUTE
    ../clib/angel/kernel.s                   0x00000000   Number         0  rtexit.o ABSOLUTE
    ../clib/angel/kernel.s                   0x00000000   Number         0  rtexit2.o ABSOLUTE
    ../clib/angel/kernel.s                   0x00000000   Number         0  __rtentry.o ABSOLUTE
    ../clib/angel/kernel.s                   0x00000000   Number         0  __rtentry4.o ABSOLUTE
    ../clib/angel/kernel.s                   0x00000000   Number         0  __rtentry2.o ABSOLUTE
    ../clib/angel/rt.s                       0x00000000   Number         0  rt_errno_addr.o ABSOLUTE
    ../clib/angel/rt.s                       0x00000000   Number         0  rt_raise.o ABSOLUTE
    ../clib/angel/rt.s                       0x00000000   Number         0  rt_errno_addr_intlibspace.o ABSOLUTE
    ../clib/angel/rt.s                       0x00000000   Number         0  rt_heap_descriptor_intlibspace.o ABSOLUTE
    ../clib/angel/rt.s                       0x00000000   Number         0  rt_heap_descriptor.o ABSOLUTE
    ../clib/angel/scatter.s                  0x00000000   Number         0  __scatter.o ABSOLUTE
    ../clib/angel/startup.s                  0x00000000   Number         0  __main.o ABSOLUTE
    ../clib/angel/sys.s                      0x00000000   Number         0  indicate_semi.o ABSOLUTE
    ../clib/angel/sys.s                      0x00000000   Number         0  use_no_semi.o ABSOLUTE
    ../clib/angel/sys.s                      0x00000000   Number         0  libspace.o ABSOLUTE
    ../clib/angel/sys.s                      0x00000000   Number         0  mutex_dummy.o ABSOLUTE
    ../clib/angel/sys.s                      0x00000000   Number         0  sys_stackheap_outer.o ABSOLUTE
    ../clib/angel/sysapp.c                   0x00000000   Number         0  sys_command.o ABSOLUTE
    ../clib/angel/sysapp.c                   0x00000000   Number         0  sys_wrch.o ABSOLUTE
    ../clib/angel/sysapp.c                   0x00000000   Number         0  sys_exit.o ABSOLUTE
    ../clib/angel/sysapp.c                   0x00000000   Number         0  sys_io.o ABSOLUTE
    ../clib/armsys.c                         0x00000000   Number         0  _get_argv.o ABSOLUTE
    ../clib/armsys.c                         0x00000000   Number         0  argv_veneer.o ABSOLUTE
    ../clib/armsys.c                         0x00000000   Number         0  _get_argv_nomalloc.o ABSOLUTE
    ../clib/armsys.c                         0x00000000   Number         0  no_argv.o ABSOLUTE
    ../clib/armsys.c                         0x00000000   Number         0  argv_veneer.o ABSOLUTE
    ../clib/assert.c                         0x00000000   Number         0  assert_stdio.o ABSOLUTE
    ../clib/heap1.c                          0x00000000   Number         0  h1_free_mt.o ABSOLUTE
    ../clib/heap1.c                          0x00000000   Number         0  h1_extend.o ABSOLUTE
    ../clib/heap1.c                          0x00000000   Number         0  h1_init_mt.o ABSOLUTE
    ../clib/heap1.c                          0x00000000   Number         0  h1_extend_mt.o ABSOLUTE
    ../clib/heap1.c                          0x00000000   Number         0  h1_final_mt.o ABSOLUTE
    ../clib/heap1.c                          0x00000000   Number         0  h1_final.o ABSOLUTE
    ../clib/heap1.c                          0x00000000   Number         0  h1_alloc_mt.o ABSOLUTE
    ../clib/heap1.c                          0x00000000   Number         0  h1_alloc.o ABSOLUTE
    ../clib/heap1.c                          0x00000000   Number         0  h1_free.o ABSOLUTE
    ../clib/heap1.c                          0x00000000   Number         0  h1_init.o ABSOLUTE
    ../clib/heap2.c                          0x00000000   Number         0  heap2mt.o ABSOLUTE
    ../clib/heap2.c                          0x00000000   Number         0  heap2.o ABSOLUTE
    ../clib/heap2.c                          0x00000000   Number         0  fdtree.o ABSOLUTE
    ../clib/heapalloc.c                      0x00000000   Number         0  maybetermalloc2.o ABSOLUTE
    ../clib/heapalloc.c                      0x00000000   Number         0  maybetermalloc1.o ABSOLUTE
    ../clib/heapalloc.c                      0x00000000   Number         0  maybetermalloc1.o ABSOLUTE
    ../clib/heapalloc.c                      0x00000000   Number         0  maybetermalloc2.o ABSOLUTE
    ../clib/heapalloc.c                      0x00000000   Number         0  hrguard.o ABSOLUTE
    ../clib/heapalloc.c                      0x00000000   Number         0  hguard.o ABSOLUTE
    ../clib/heapalloc.c                      0x00000000   Number         0  init_alloc.o ABSOLUTE
    ../clib/heapalloc.c                      0x00000000   Number         0  malloc.o ABSOLUTE
    ../clib/heapalloc.c                      0x00000000   Number         0  heapstubs.o ABSOLUTE
    ../clib/heapalloc.c                      0x00000000   Number         0  term_alloc.o ABSOLUTE
    ../clib/heapalloc.c                      0x00000000   Number         0  free.o ABSOLUTE
    ../clib/heapaux.c                        0x00000000   Number         0  heapauxa.o ABSOLUTE
    ../clib/heapaux.c                        0x00000000   Number         0  heapauxi.o ABSOLUTE
    ../clib/libinit.s                        0x00000000   Number         0  libinit.o ABSOLUTE
    ../clib/libinit.s                        0x00000000   Number         0  libshutdown2.o ABSOLUTE
    ../clib/libinit.s                        0x00000000   Number         0  libinit2.o ABSOLUTE
    ../clib/libinit.s                        0x00000000   Number         0  libshutdown.o ABSOLUTE
    ../clib/memcpset.s                       0x00000000   Number         0  rt_memcpy_w.o ABSOLUTE
    ../clib/memcpset.s                       0x00000000   Number         0  rt_memclr.o ABSOLUTE
    ../clib/memcpset.s                       0x00000000   Number         0  rt_memclr_w.o ABSOLUTE
    ../clib/memcpset.s                       0x00000000   Number         0  rt_memcpy_v6.o ABSOLUTE
    ../clib/misc.s                           0x00000000   Number         0  printf_stubs.o ABSOLUTE
    ../clib/printf.c                         0x00000000   Number         0  _printf_dec.o ABSOLUTE
    ../clib/printf.c                         0x00000000   Number         0  __2printf.o ABSOLUTE
    ../clib/printf.c                         0x00000000   Number         0  __2sprintf.o ABSOLUTE
    ../clib/printf.c                         0x00000000   Number         0  noretval__2printf.o ABSOLUTE
    ../clib/printf.c                         0x00000000   Number         0  _printf_char.o ABSOLUTE
    ../clib/printf.c                         0x00000000   Number         0  noretval__2sprintf.o ABSOLUTE
    ../clib/printf.c                         0x00000000   Number         0  __printf_ss.o ABSOLUTE
    ../clib/printf.c                         0x00000000   Number         0  __printf.o ABSOLUTE
    ../clib/printf.c                         0x00000000   Number         0  _printf_pad.o ABSOLUTE
    ../clib/printf.c                         0x00000000   Number         0  _printf_char_file.o ABSOLUTE
    ../clib/printf.c                         0x00000000   Number         0  _printf_str.o ABSOLUTE
    ../clib/printf.c                         0x00000000   Number         0  __printf_flags_ss_wp.o ABSOLUTE
    ../clib/printf.c                         0x00000000   Number         0  __printf_ss_wp.o ABSOLUTE
    ../clib/printf.c                         0x00000000   Number         0  __printf_flags_wp.o ABSOLUTE
    ../clib/printf.c                         0x00000000   Number         0  _printf_hex_ll.o ABSOLUTE
    ../clib/printf.c                         0x00000000   Number         0  _printf_hex_int.o ABSOLUTE
    ../clib/printf.c                         0x00000000   Number         0  _sputc.o ABSOLUTE
    ../clib/printf.c                         0x00000000   Number         0  __printf_nopercent.o ABSOLUTE
    ../clib/printf.c                         0x00000000   Number         0  __printf_wp.o ABSOLUTE
    ../clib/printf.c                         0x00000000   Number         0  _printf_hex_int_ll.o ABSOLUTE
    ../clib/printf.c                         0x00000000   Number         0  _printf_hex_ptr.o ABSOLUTE
    ../clib/printf.c                         0x00000000   Number         0  __printf_flags_ss.o ABSOLUTE
    ../clib/printf.c                         0x00000000   Number         0  _printf_hex_ll_ptr.o ABSOLUTE
    ../clib/printf.c                         0x00000000   Number         0  _printf_hex_int_ll_ptr.o ABSOLUTE
    ../clib/printf.c                         0x00000000   Number         0  __printf_flags.o ABSOLUTE
    ../clib/printf.c                         0x00000000   Number         0  _printf_char_common.o ABSOLUTE
    ../clib/printf.c                         0x00000000   Number         0  _printf_hex_int_ptr.o ABSOLUTE
    ../clib/printf.c                         0x00000000   Number         0  _printf_intcommon.o ABSOLUTE
    ../clib/printf.c                         0x00000000   Number         0  _printf_char_file_locked.o ABSOLUTE
    ../clib/printf_percent.s                 0x00000000   Number         0  _printf_d.o ABSOLUTE
    ../clib/printf_percent.s                 0x00000000   Number         0  _printf_percent_end.o ABSOLUTE
    ../clib/printf_percent.s                 0x00000000   Number         0  _printf_s.o ABSOLUTE
    ../clib/printf_percent.s                 0x00000000   Number         0  _printf_u.o ABSOLUTE
    ../clib/printf_percent.s                 0x00000000   Number         0  _printf_percent.o ABSOLUTE
    ../clib/printf_percent.s                 0x00000000   Number         0  _printf_x.o ABSOLUTE
    ../clib/signal.c                         0x00000000   Number         0  defsig_rtred_outer.o ABSOLUTE
    ../clib/signal.c                         0x00000000   Number         0  defsig_rtmem_inner.o ABSOLUTE
    ../clib/signal.c                         0x00000000   Number         0  defsig_other.o ABSOLUTE
    ../clib/signal.c                         0x00000000   Number         0  __raise.o ABSOLUTE
    ../clib/signal.c                         0x00000000   Number         0  defsig_rtmem_formal.o ABSOLUTE
    ../clib/signal.c                         0x00000000   Number         0  defsig_general.o ABSOLUTE
    ../clib/signal.c                         0x00000000   Number         0  defsig_rtred_formal.o ABSOLUTE
    ../clib/signal.c                         0x00000000   Number         0  defsig_rtmem_outer.o ABSOLUTE
    ../clib/signal.c                         0x00000000   Number         0  defsig_abrt_inner.o ABSOLUTE
    ../clib/signal.c                         0x00000000   Number         0  defsig_cppl_inner.o ABSOLUTE
    ../clib/signal.c                         0x00000000   Number         0  defsig_exit.o ABSOLUTE
    ../clib/signal.c                         0x00000000   Number         0  defsig_segv_inner.o ABSOLUTE
    ../clib/signal.c                         0x00000000   Number         0  defsig_fpe_inner.o ABSOLUTE
    ../clib/signal.c                         0x00000000   Number         0  defsig_stak_inner.o ABSOLUTE
    ../clib/signal.c                         0x00000000   Number         0  defsig_pvfn_inner.o ABSOLUTE
    ../clib/signal.c                         0x00000000   Number         0  defsig_rtred_inner.o ABSOLUTE
    ../clib/signal.s                         0x00000000   Number         0  defsig.o ABSOLUTE
    ../clib/stdio.c                          0x00000000   Number         0  fputc_locked.o ABSOLUTE
    ../clib/stdio.c                          0x00000000   Number         0  ferror_locked.o ABSOLUTE
    ../clib/stdio.c                          0x00000000   Number         0  initio_locked.o ABSOLUTE
    ../clib/stdio.c                          0x00000000   Number         0  ftell.o ABSOLUTE
    ../clib/stdio.c                          0x00000000   Number         0  flsbuf.o ABSOLUTE
    ../clib/stdio.c                          0x00000000   Number         0  setvbuf.o ABSOLUTE
    ../clib/stdio.c                          0x00000000   Number         0  streamlock.o ABSOLUTE
    ../clib/stdio.c                          0x00000000   Number         0  fopen.o ABSOLUTE
    ../clib/stdio.c                          0x00000000   Number         0  fclose.o ABSOLUTE
    ../clib/stdio.c                          0x00000000   Number         0  setvbuf_locked.o ABSOLUTE
    ../clib/stdio.c                          0x00000000   Number         0  fopen_locked.o ABSOLUTE
    ../clib/stdio.c                          0x00000000   Number         0  fseek.o ABSOLUTE
    ../clib/stdio.c                          0x00000000   Number         0  stdio.o ABSOLUTE
    ../clib/stdio.c                          0x00000000   Number         0  fwritefast.o ABSOLUTE
    ../clib/stdio.c                          0x00000000   Number         0  fwritefast_locked.o ABSOLUTE
    ../clib/stdio.c                          0x00000000   Number         0  fflush.o ABSOLUTE
    ../clib/stdio.c                          0x00000000   Number         0  fputs.o ABSOLUTE
    ../clib/stdio.c                          0x00000000   Number         0  fputs_locked.o ABSOLUTE
    ../clib/stdio.c                          0x00000000   Number         0  fflush_locked.o ABSOLUTE
    ../clib/stdio.c                          0x00000000   Number         0  stdio_streams.o ABSOLUTE
    ../clib/stdio.c                          0x00000000   Number         0  ferror.o ABSOLUTE
    ../clib/stdio.c                          0x00000000   Number         0  fputc.o ABSOLUTE
    ../clib/stdio.c                          0x00000000   Number         0  initio.o ABSOLUTE
    ../clib/stdlib.c                         0x00000000   Number         0  exit.o ABSOLUTE
    ../clib/string.c                         0x00000000   Number         0  strstr.o ABSOLUTE
    ../clib/string.c                         0x00000000   Number         0  strlen.o ABSOLUTE
    ../clib/string.c                         0x00000000   Number         0  strcat.o ABSOLUTE
    ../clib/wchar.c                          0x00000000   Number         0  flsbuf_fwide.o ABSOLUTE
    ../fplib/fpinit.s                        0x00000000   Number         0  fpinit.o ABSOLUTE
    dc.s                                     0x00000000   Number         0  dc.o ABSOLUTE
    main\main.c                              0x00000000   Number         0  main.o ABSOLUTE
    stm32f10x\\core\\core_cm3.c              0x00000000   Number         0  core_cm3.o ABSOLUTE
    stm32f10x\core\core_cm3.c                0x00000000   Number         0  core_cm3.o ABSOLUTE
    stm32f10x\core\startup_stm32f10x_md.s    0x00000000   Number         0  startup_stm32f10x_md.o ABSOLUTE
    stm32f10x\core\stm32f10x_it.c            0x00000000   Number         0  stm32f10x_it.o ABSOLUTE
    stm32f10x\core\system_stm32f10x.c        0x00000000   Number         0  system_stm32f10x.o ABSOLUTE
    stm32f10x\fwlib\src\misc.c               0x00000000   Number         0  misc.o ABSOLUTE
    stm32f10x\fwlib\src\stm32f10x_adc.c      0x00000000   Number         0  stm32f10x_adc.o ABSOLUTE
    stm32f10x\fwlib\src\stm32f10x_bkp.c      0x00000000   Number         0  stm32f10x_bkp.o ABSOLUTE
    stm32f10x\fwlib\src\stm32f10x_can.c      0x00000000   Number         0  stm32f10x_can.o ABSOLUTE
    stm32f10x\fwlib\src\stm32f10x_cec.c      0x00000000   Number         0  stm32f10x_cec.o ABSOLUTE
    stm32f10x\fwlib\src\stm32f10x_crc.c      0x00000000   Number         0  stm32f10x_crc.o ABSOLUTE
    stm32f10x\fwlib\src\stm32f10x_dac.c      0x00000000   Number         0  stm32f10x_dac.o ABSOLUTE
    stm32f10x\fwlib\src\stm32f10x_dbgmcu.c   0x00000000   Number         0  stm32f10x_dbgmcu.o ABSOLUTE
    stm32f10x\fwlib\src\stm32f10x_dma.c      0x00000000   Number         0  stm32f10x_dma.o ABSOLUTE
    stm32f10x\fwlib\src\stm32f10x_exti.c     0x00000000   Number         0  stm32f10x_exti.o ABSOLUTE
    stm32f10x\fwlib\src\stm32f10x_flash.c    0x00000000   Number         0  stm32f10x_flash.o ABSOLUTE
    stm32f10x\fwlib\src\stm32f10x_fsmc.c     0x00000000   Number         0  stm32f10x_fsmc.o ABSOLUTE
    stm32f10x\fwlib\src\stm32f10x_gpio.c     0x00000000   Number         0  stm32f10x_gpio.o ABSOLUTE
    stm32f10x\fwlib\src\stm32f10x_i2c.c      0x00000000   Number         0  stm32f10x_i2c.o ABSOLUTE
    stm32f10x\fwlib\src\stm32f10x_iwdg.c     0x00000000   Number         0  stm32f10x_iwdg.o ABSOLUTE
    stm32f10x\fwlib\src\stm32f10x_pwr.c      0x00000000   Number         0  stm32f10x_pwr.o ABSOLUTE
    stm32f10x\fwlib\src\stm32f10x_rcc.c      0x00000000   Number         0  stm32f10x_rcc.o ABSOLUTE
    stm32f10x\fwlib\src\stm32f10x_rtc.c      0x00000000   Number         0  stm32f10x_rtc.o ABSOLUTE
    stm32f10x\fwlib\src\stm32f10x_sdio.c     0x00000000   Number         0  stm32f10x_sdio.o ABSOLUTE
    stm32f10x\fwlib\src\stm32f10x_spi.c      0x00000000   Number         0  stm32f10x_spi.o ABSOLUTE
    stm32f10x\fwlib\src\stm32f10x_tim.c      0x00000000   Number         0  stm32f10x_tim.o ABSOLUTE
    stm32f10x\fwlib\src\stm32f10x_usart.c    0x00000000   Number         0  stm32f10x_usart.o ABSOLUTE
    stm32f10x\fwlib\src\stm32f10x_wwdg.c     0x00000000   Number         0  stm32f10x_wwdg.o ABSOLUTE
    RESET                                    0x08000000   Section      236  startup_stm32f10x_md.o(RESET)
    !!!main                                  0x080000ec   Section        8  __main.o(!!!main)
    !!!scatter                               0x080000f4   Section       52  __scatter.o(!!!scatter)
    !!handler_copy                           0x08000128   Section       26  __scatter_copy.o(!!handler_copy)
    !!handler_zi                             0x08000144   Section       28  __scatter_zi.o(!!handler_zi)
    .ARM.Collect$$_printf_percent$$00000000  0x08000160   Section        0  _printf_percent.o(.ARM.Collect$$_printf_percent$$00000000)
    .ARM.Collect$$_printf_percent$$00000009  0x08000160   Section        6  _printf_d.o(.ARM.Collect$$_printf_percent$$00000009)
    .ARM.Collect$$_printf_percent$$0000000C  0x08000166   Section        6  _printf_x.o(.ARM.Collect$$_printf_percent$$0000000C)
    .ARM.Collect$$_printf_percent$$00000014  0x0800016c   Section        6  _printf_s.o(.ARM.Collect$$_printf_percent$$00000014)
    .ARM.Collect$$_printf_percent$$00000017  0x08000172   Section        4  _printf_percent_end.o(.ARM.Collect$$_printf_percent$$00000017)
    .ARM.Collect$$libinit$$00000000          0x08000176   Section        2  libinit.o(.ARM.Collect$$libinit$$00000000)
    .ARM.Collect$$libinit$$00000002          0x08000178   Section        0  libinit2.o(.ARM.Collect$$libinit$$00000002)
    .ARM.Collect$$libinit$$00000004          0x08000178   Section        0  libinit2.o(.ARM.Collect$$libinit$$00000004)
    .ARM.Collect$$libinit$$00000005          0x08000178   Section        8  libinit2.o(.ARM.Collect$$libinit$$00000005)
    .ARM.Collect$$libinit$$0000000A          0x08000180   Section        0  libinit2.o(.ARM.Collect$$libinit$$0000000A)
    .ARM.Collect$$libinit$$0000000C          0x08000180   Section        0  libinit2.o(.ARM.Collect$$libinit$$0000000C)
    .ARM.Collect$$libinit$$0000000E          0x08000180   Section        0  libinit2.o(.ARM.Collect$$libinit$$0000000E)
    .ARM.Collect$$libinit$$00000011          0x08000180   Section        0  libinit2.o(.ARM.Collect$$libinit$$00000011)
    .ARM.Collect$$libinit$$00000013          0x08000180   Section        0  libinit2.o(.ARM.Collect$$libinit$$00000013)
    .ARM.Collect$$libinit$$00000015          0x08000180   Section        0  libinit2.o(.ARM.Collect$$libinit$$00000015)
    .ARM.Collect$$libinit$$00000017          0x08000180   Section        0  libinit2.o(.ARM.Collect$$libinit$$00000017)
    .ARM.Collect$$libinit$$00000019          0x08000180   Section        0  libinit2.o(.ARM.Collect$$libinit$$00000019)
    .ARM.Collect$$libinit$$0000001B          0x08000180   Section        0  libinit2.o(.ARM.Collect$$libinit$$0000001B)
    .ARM.Collect$$libinit$$0000001D          0x08000180   Section        0  libinit2.o(.ARM.Collect$$libinit$$0000001D)
    .ARM.Collect$$libinit$$0000001F          0x08000180   Section        0  libinit2.o(.ARM.Collect$$libinit$$0000001F)
    .ARM.Collect$$libinit$$00000021          0x08000180   Section        0  libinit2.o(.ARM.Collect$$libinit$$00000021)
    .ARM.Collect$$libinit$$00000023          0x08000180   Section        0  libinit2.o(.ARM.Collect$$libinit$$00000023)
    .ARM.Collect$$libinit$$00000024          0x08000180   Section        4  libinit2.o(.ARM.Collect$$libinit$$00000024)
    .ARM.Collect$$libinit$$00000025          0x08000184   Section        0  libinit2.o(.ARM.Collect$$libinit$$00000025)
    .ARM.Collect$$libinit$$0000002C          0x08000184   Section        0  libinit2.o(.ARM.Collect$$libinit$$0000002C)
    .ARM.Collect$$libinit$$0000002E          0x08000184   Section        0  libinit2.o(.ARM.Collect$$libinit$$0000002E)
    .ARM.Collect$$libinit$$00000030          0x08000184   Section        0  libinit2.o(.ARM.Collect$$libinit$$00000030)
    .ARM.Collect$$libinit$$00000032          0x08000184   Section        0  libinit2.o(.ARM.Collect$$libinit$$00000032)
    .ARM.Collect$$libinit$$00000033          0x08000184   Section        2  libinit2.o(.ARM.Collect$$libinit$$00000033)
    .ARM.Collect$$libshutdown$$00000000      0x08000186   Section        2  libshutdown.o(.ARM.Collect$$libshutdown$$00000000)
    .ARM.Collect$$libshutdown$$00000002      0x08000188   Section        4  libshutdown2.o(.ARM.Collect$$libshutdown$$00000002)
    .ARM.Collect$$libshutdown$$00000003      0x0800018c   Section        0  libshutdown2.o(.ARM.Collect$$libshutdown$$00000003)
    .ARM.Collect$$libshutdown$$00000006      0x0800018c   Section        0  libshutdown2.o(.ARM.Collect$$libshutdown$$00000006)
    .ARM.Collect$$libshutdown$$00000009      0x0800018c   Section        0  libshutdown2.o(.ARM.Collect$$libshutdown$$00000009)
    .ARM.Collect$$libshutdown$$0000000B      0x0800018c   Section        0  libshutdown2.o(.ARM.Collect$$libshutdown$$0000000B)
    .ARM.Collect$$libshutdown$$0000000E      0x0800018c   Section        0  libshutdown2.o(.ARM.Collect$$libshutdown$$0000000E)
    .ARM.Collect$$libshutdown$$0000000F      0x0800018c   Section        2  libshutdown2.o(.ARM.Collect$$libshutdown$$0000000F)
    .ARM.Collect$$rtentry$$00000000          0x0800018e   Section        0  __rtentry.o(.ARM.Collect$$rtentry$$00000000)
    .ARM.Collect$$rtentry$$00000002          0x0800018e   Section        0  __rtentry2.o(.ARM.Collect$$rtentry$$00000002)
    .ARM.Collect$$rtentry$$00000004          0x0800018e   Section        6  __rtentry4.o(.ARM.Collect$$rtentry$$00000004)
    .ARM.Collect$$rtentry$$00000009          0x08000194   Section        0  __rtentry2.o(.ARM.Collect$$rtentry$$00000009)
    .ARM.Collect$$rtentry$$0000000A          0x08000194   Section        4  __rtentry2.o(.ARM.Collect$$rtentry$$0000000A)
    .ARM.Collect$$rtentry$$0000000C          0x08000198   Section        0  __rtentry2.o(.ARM.Collect$$rtentry$$0000000C)
    .ARM.Collect$$rtentry$$0000000D          0x08000198   Section        8  __rtentry2.o(.ARM.Collect$$rtentry$$0000000D)
    .ARM.Collect$$rtexit$$00000000           0x080001a0   Section        2  rtexit.o(.ARM.Collect$$rtexit$$00000000)
    .ARM.Collect$$rtexit$$00000002           0x080001a2   Section        0  rtexit2.o(.ARM.Collect$$rtexit$$00000002)
    .ARM.Collect$$rtexit$$00000003           0x080001a2   Section        4  rtexit2.o(.ARM.Collect$$rtexit$$00000003)
    .ARM.Collect$$rtexit$$00000004           0x080001a6   Section        6  rtexit2.o(.ARM.Collect$$rtexit$$00000004)
    .emb_text                                0x080001ac   Section        0  maybetermalloc1.o(.emb_text)
    .text                                    0x080001ac   Section       64  startup_stm32f10x_md.o(.text)
    .text                                    0x080001ec   Section        0  noretval__2printf.o(.text)
    .text                                    0x08000204   Section        0  noretval__2sprintf.o(.text)
    .text                                    0x0800022c   Section        0  _printf_pad.o(.text)
    .text                                    0x0800027a   Section        0  _printf_str.o(.text)
    .text                                    0x080002cc   Section        0  _printf_dec.o(.text)
    .text                                    0x08000344   Section        0  _printf_hex_int.o(.text)
    .text                                    0x0800039c   Section        0  __printf_flags_ss_wp.o(.text)
    .text                                    0x08000524   Section        0  strstr.o(.text)
    .text                                    0x08000548   Section        0  strlen.o(.text)
    .text                                    0x08000586   Section        0  strcat.o(.text)
    .text                                    0x0800059e   Section       68  rt_memclr.o(.text)
    .text                                    0x080005e2   Section       78  rt_memclr_w.o(.text)
    .text                                    0x08000630   Section        0  heapauxi.o(.text)
    .text                                    0x08000636   Section        0  _printf_intcommon.o(.text)
    .text                                    0x080006e8   Section        0  _printf_char_common.o(.text)
    _printf_input_char                       0x080006e9   Thumb Code    10  _printf_char_common.o(.text)
    .text                                    0x08000718   Section        0  _sputc.o(.text)
    .text                                    0x08000722   Section        0  _printf_char.o(.text)
    .text                                    0x08000750   Section        0  _printf_char_file.o(.text)
    .text                                    0x08000774   Section        0  ferror.o(.text)
    .text                                    0x0800077c   Section        0  initio.o(.text)
    .text                                    0x080008b4   Section        0  sys_io.o(.text)
    .text                                    0x0800091a   Section       74  sys_stackheap_outer.o(.text)
    .text                                    0x08000964   Section        0  h1_free.o(.text)
    .text                                    0x080009b2   Section        0  flsbuf.o(.text)
    .text                                    0x08000b88   Section        0  setvbuf.o(.text)
    .text                                    0x08000bd0   Section        0  fopen.o(.text)
    _freopen_locked                          0x08000bd1   Thumb Code     0  fopen.o(.text)
    .text                                    0x08000cbc   Section        0  fclose.o(.text)
    .text                                    0x08000d08   Section        0  exit.o(.text)
    .text                                    0x08000d14   Section        0  defsig_rtred_outer.o(.text)
    .text                                    0x08000d24   Section        8  libspace.o(.text)
    .text                                    0x08000d2c   Section        2  use_no_semi.o(.text)
    .text                                    0x08000d2e   Section        0  indicate_semi.o(.text)
    .text                                    0x08000d30   Section        8  rt_heap_descriptor_intlibspace.o(.text)
    .text                                    0x08000d38   Section        0  hguard.o(.text)
    .text                                    0x08000d3c   Section        0  init_alloc.o(.text)
    .text                                    0x08000dc6   Section        0  h1_alloc.o(.text)
    .text                                    0x08000e24   Section        0  fseek.o(.text)
    .text                                    0x08000f1c   Section        0  stdio.o(.text)
    .text                                    0x0800100c   Section        0  defsig_exit.o(.text)
    .text                                    0x08001018   Section        0  defsig_rtred_inner.o(.text)
    .text                                    0x0800104c   Section        0  sys_exit.o(.text)
    .text                                    0x08001058   Section        0  h1_init.o(.text)
    .text                                    0x08001066   Section        0  h1_extend.o(.text)
    .text                                    0x0800109a   Section        0  ftell.o(.text)
    .text                                    0x080010dc   Section        0  defsig_general.o(.text)
    .text                                    0x0800110e   Section        0  defsig_rtmem_outer.o(.text)
    .text                                    0x0800111c   Section        0  sys_wrch.o(.text)
    .text                                    0x0800112c   Section        8  rt_errno_addr_intlibspace.o(.text)
    .text                                    0x08001134   Section        0  defsig_rtmem_inner.o(.text)
    i.BusFault_Handler                       0x08001184   Section        0  stm32f10x_it.o(i.BusFault_Handler)
    i.DebugMon_Handler                       0x08001188   Section        0  stm32f10x_it.o(i.DebugMon_Handler)
    i.HardFault_Handler                      0x0800118a   Section        0  stm32f10x_it.o(i.HardFault_Handler)
    i.MemManage_Handler                      0x0800118e   Section        0  stm32f10x_it.o(i.MemManage_Handler)
    i.NMI_Handler                            0x08001192   Section        0  stm32f10x_it.o(i.NMI_Handler)
    i.SHA1Input                              0x08001194   Section        0  main.o(i.SHA1Input)
    i.SHA1PadMessage                         0x080011fe   Section        0  main.o(i.SHA1PadMessage)
    i.SHA1ProcessMessageBlock                0x080012b4   Section        0  main.o(i.SHA1ProcessMessageBlock)
    i.SHA1Reset                              0x08001528   Section        0  main.o(i.SHA1Reset)
    i.SHA1Result                             0x0800155c   Section        0  main.o(i.SHA1Result)
    i.SVC_Handler                            0x0800157a   Section        0  stm32f10x_it.o(i.SVC_Handler)
    i.SetSysClock                            0x0800157c   Section        0  system_stm32f10x.o(i.SetSysClock)
    SetSysClock                              0x0800157d   Thumb Code     8  system_stm32f10x.o(i.SetSysClock)
    i.SetSysClockTo72                        0x08001584   Section        0  system_stm32f10x.o(i.SetSysClockTo72)
    SetSysClockTo72                          0x08001585   Thumb Code   214  system_stm32f10x.o(i.SetSysClockTo72)
    i.SystemInit                             0x08001664   Section        0  system_stm32f10x.o(i.SystemInit)
    i.UsageFault_Handler                     0x080016c4   Section        0  stm32f10x_it.o(i.UsageFault_Handler)
    i._is_digit                              0x080016c8   Section        0  __printf_wp.o(i._is_digit)
    i.base64_encode                          0x080016d8   Section        0  main.o(i.base64_encode)
    i.compute_accept_key                     0x08001794   Section        0  main.o(i.compute_accept_key)
    i.fetch_sec_key                          0x0800184c   Section        0  main.o(i.fetch_sec_key)
    i.fputc                                  0x080018f4   Section        0  fputc.o(i.fputc)
    i.htoi                                   0x0800190e   Section        0  main.o(i.htoi)
    i.main                                   0x08001994   Section        0  main.o(i.main)
    i.response                               0x080019ec   Section        0  main.o(i.response)
    i.sha1_hash                              0x080019f4   Section        0  main.o(i.sha1_hash)
    i.shake_hand                             0x08001aa4   Section        0  main.o(i.shake_hand)
    i.tolower                                0x08001b80   Section        0  main.o(i.tolower)
    .constdata                               0x08001b94   Section      119  main.o(.constdata)
    __func__                                 0x08001be8   Data          10  main.o(.constdata)
    __func__                                 0x08001bf2   Data          14  main.o(.constdata)
    __func__                                 0x08001c00   Data          11  main.o(.constdata)
    .constdata                               0x08001c0b   Section       40  _printf_hex_int.o(.constdata)
    uc_hextab                                0x08001c0b   Data          20  _printf_hex_int.o(.constdata)
    lc_hextab                                0x08001c1f   Data          20  _printf_hex_int.o(.constdata)
    .constdata                               0x08001c33   Section       17  __printf_flags_ss_wp.o(.constdata)
    maptable                                 0x08001c33   Data          17  __printf_flags_ss_wp.o(.constdata)
    .constdata                               0x08001c44   Section        4  sys_io.o(.constdata)
    .constdata                               0x08001c48   Section        4  sys_io.o(.constdata)
    .constdata                               0x08001c4c   Section        4  sys_io.o(.constdata)
    .data                                    0x20000000   Section        4  stdio_streams.o(.data)
    .data                                    0x20000004   Section        4  stdio_streams.o(.data)
    .data                                    0x20000008   Section        4  stdio_streams.o(.data)
    .bss                                     0x2000000c   Section      800  main.o(.bss)
    .bss                                     0x2000032c   Section       84  stdio_streams.o(.bss)
    .bss                                     0x20000380   Section       84  stdio_streams.o(.bss)
    .bss                                     0x200003d4   Section       84  stdio_streams.o(.bss)
    .bss                                     0x20000428   Section       96  libspace.o(.bss)
    HEAP                                     0x20000488   Section      512  startup_stm32f10x_md.o(HEAP)
    Heap_Mem                                 0x20000488   Data         512  startup_stm32f10x_md.o(HEAP)
    STACK                                    0x20000688   Section     1024  startup_stm32f10x_md.o(STACK)
    Stack_Mem                                0x20000688   Data        1024  startup_stm32f10x_md.o(STACK)
    __initial_sp                             0x20000a88   Data           0  startup_stm32f10x_md.o(STACK)

    Global Symbols

    Symbol Name                              Value     Ov Type        Size  Object(Section)

    BuildAttributes$$THM_ISAv4$P$D$K$B$S$PE$A:L22UL41UL21$X:L11$S22US41US21$IEEE1$IW$USESV6$~STKCKD$USESV7$~SHL$OTIME$ROPI$EBA8$UX$STANDARDLIB$REQ8$PRES8$EABIv2 0x00000000   Number         0  anon$$obj.o ABSOLUTE
    __ARM_use_no_argv                        0x00000000   Number         0  main.o ABSOLUTE
    _printf_flags                            0x00000000   Number         0  printf_stubs.o ABSOLUTE
    _printf_return_value                     0x00000000   Number         0  printf_stubs.o ABSOLUTE
    _printf_sizespec                         0x00000000   Number         0  printf_stubs.o ABSOLUTE
    _printf_widthprec                        0x00000000   Number         0  printf_stubs.o ABSOLUTE
    __ARM_exceptions_init                     - Undefined Weak Reference
    __alloca_initialize                       - Undefined Weak Reference
    __arm_preinit_                            - Undefined Weak Reference
    __cpp_initialize__aeabi_                  - Undefined Weak Reference
    __cxa_finalize                            - Undefined Weak Reference
    __rt_locale                               - Undefined Weak Reference
    __sigvec_lookup                           - Undefined Weak Reference
    __user_heap_extent                        - Undefined Weak Reference
    _atexit_init                              - Undefined Weak Reference
    _call_atexit_fns                          - Undefined Weak Reference
    _clock_init                               - Undefined Weak Reference
    _fp_trap_init                             - Undefined Weak Reference
    _fp_trap_shutdown                         - Undefined Weak Reference
    _get_lc_collate                           - Undefined Weak Reference
    _get_lc_ctype                             - Undefined Weak Reference
    _get_lc_monetary                          - Undefined Weak Reference
    _get_lc_numeric                           - Undefined Weak Reference
    _get_lc_time                              - Undefined Weak Reference
    _getenv_init                              - Undefined Weak Reference
    _handle_redirection                       - Undefined Weak Reference
    _mutex_acquire                            - Undefined Weak Reference
    _mutex_free                               - Undefined Weak Reference
    _mutex_release                            - Undefined Weak Reference
    _printf_mbtowc                            - Undefined Weak Reference
    _printf_truncate_signed                   - Undefined Weak Reference
    _printf_truncate_unsigned                 - Undefined Weak Reference
    _rand_init                                - Undefined Weak Reference
    _signal_finish                            - Undefined Weak Reference
    _signal_init                              - Undefined Weak Reference
    __Vectors_Size                           0x000000ec   Number         0  startup_stm32f10x_md.o ABSOLUTE
    __Vectors                                0x08000000   Data           4  startup_stm32f10x_md.o(RESET)
    __Vectors_End                            0x080000ec   Data           0  startup_stm32f10x_md.o(RESET)
    __main                                   0x080000ed   Thumb Code     8  __main.o(!!!main)
    __scatterload                            0x080000f5   Thumb Code     0  __scatter.o(!!!scatter)
    __scatterload_rt2                        0x080000f5   Thumb Code    44  __scatter.o(!!!scatter)
    __scatterload_rt2_thumb_only             0x080000f5   Thumb Code     0  __scatter.o(!!!scatter)
    __scatterload_null                       0x08000103   Thumb Code     0  __scatter.o(!!!scatter)
    __scatterload_copy                       0x08000129   Thumb Code    26  __scatter_copy.o(!!handler_copy)
    __scatterload_zeroinit                   0x08000145   Thumb Code    28  __scatter_zi.o(!!handler_zi)
    _printf_d                                0x08000161   Thumb Code     0  _printf_d.o(.ARM.Collect$$_printf_percent$$00000009)
    _printf_percent                          0x08000161   Thumb Code     0  _printf_percent.o(.ARM.Collect$$_printf_percent$$00000000)
    _printf_x                                0x08000167   Thumb Code     0  _printf_x.o(.ARM.Collect$$_printf_percent$$0000000C)
    _printf_s                                0x0800016d   Thumb Code     0  _printf_s.o(.ARM.Collect$$_printf_percent$$00000014)
    _printf_percent_end                      0x08000173   Thumb Code     0  _printf_percent_end.o(.ARM.Collect$$_printf_percent$$00000017)
    __rt_lib_init                            0x08000177   Thumb Code     0  libinit.o(.ARM.Collect$$libinit$$00000000)
    __rt_lib_init_fp_1                       0x08000179   Thumb Code     0  libinit2.o(.ARM.Collect$$libinit$$00000002)
    __rt_lib_init_heap_2                     0x08000179   Thumb Code     0  libinit2.o(.ARM.Collect$$libinit$$00000005)
    __rt_lib_init_preinit_1                  0x08000179   Thumb Code     0  libinit2.o(.ARM.Collect$$libinit$$00000004)
    __rt_lib_init_atexit_1                   0x08000181   Thumb Code     0  libinit2.o(.ARM.Collect$$libinit$$0000001B)
    __rt_lib_init_clock_1                    0x08000181   Thumb Code     0  libinit2.o(.ARM.Collect$$libinit$$00000021)
    __rt_lib_init_fp_trap_1                  0x08000181   Thumb Code     0  libinit2.o(.ARM.Collect$$libinit$$0000001F)
    __rt_lib_init_getenv_1                   0x08000181   Thumb Code     0  libinit2.o(.ARM.Collect$$libinit$$00000023)
    __rt_lib_init_heap_1                     0x08000181   Thumb Code     0  libinit2.o(.ARM.Collect$$libinit$$0000000A)
    __rt_lib_init_lc_collate_1               0x08000181   Thumb Code     0  libinit2.o(.ARM.Collect$$libinit$$00000011)
    __rt_lib_init_lc_ctype_1                 0x08000181   Thumb Code     0  libinit2.o(.ARM.Collect$$libinit$$00000013)
    __rt_lib_init_lc_monetary_1              0x08000181   Thumb Code     0  libinit2.o(.ARM.Collect$$libinit$$00000015)
    __rt_lib_init_lc_numeric_1               0x08000181   Thumb Code     0  libinit2.o(.ARM.Collect$$libinit$$00000017)
    __rt_lib_init_lc_time_1                  0x08000181   Thumb Code     0  libinit2.o(.ARM.Collect$$libinit$$00000019)
    __rt_lib_init_rand_1                     0x08000181   Thumb Code     0  libinit2.o(.ARM.Collect$$libinit$$0000000E)
    __rt_lib_init_signal_1                   0x08000181   Thumb Code     0  libinit2.o(.ARM.Collect$$libinit$$0000001D)
    __rt_lib_init_stdio_2                    0x08000181   Thumb Code     0  libinit2.o(.ARM.Collect$$libinit$$00000024)
    __rt_lib_init_user_alloc_1               0x08000181   Thumb Code     0  libinit2.o(.ARM.Collect$$libinit$$0000000C)
    __rt_lib_init_alloca_1                   0x08000185   Thumb Code     0  libinit2.o(.ARM.Collect$$libinit$$0000002E)
    __rt_lib_init_argv_1                     0x08000185   Thumb Code     0  libinit2.o(.ARM.Collect$$libinit$$0000002C)
    __rt_lib_init_cpp_1                      0x08000185   Thumb Code     0  libinit2.o(.ARM.Collect$$libinit$$00000032)
    __rt_lib_init_exceptions_1               0x08000185   Thumb Code     0  libinit2.o(.ARM.Collect$$libinit$$00000030)
    __rt_lib_init_return                     0x08000185   Thumb Code     0  libinit2.o(.ARM.Collect$$libinit$$00000033)
    __rt_lib_init_stdio_1                    0x08000185   Thumb Code     0  libinit2.o(.ARM.Collect$$libinit$$00000025)
    __rt_lib_shutdown                        0x08000187   Thumb Code     0  libshutdown.o(.ARM.Collect$$libshutdown$$00000000)
    __rt_lib_shutdown_stdio_2                0x08000189   Thumb Code     0  libshutdown2.o(.ARM.Collect$$libshutdown$$00000002)
    __rt_lib_shutdown_fp_trap_1              0x0800018d   Thumb Code     0  libshutdown2.o(.ARM.Collect$$libshutdown$$00000006)
    __rt_lib_shutdown_heap_1                 0x0800018d   Thumb Code     0  libshutdown2.o(.ARM.Collect$$libshutdown$$0000000E)
    __rt_lib_shutdown_return                 0x0800018d   Thumb Code     0  libshutdown2.o(.ARM.Collect$$libshutdown$$0000000F)
    __rt_lib_shutdown_signal_1               0x0800018d   Thumb Code     0  libshutdown2.o(.ARM.Collect$$libshutdown$$00000009)
    __rt_lib_shutdown_stdio_1                0x0800018d   Thumb Code     0  libshutdown2.o(.ARM.Collect$$libshutdown$$00000003)
    __rt_lib_shutdown_user_alloc_1           0x0800018d   Thumb Code     0  libshutdown2.o(.ARM.Collect$$libshutdown$$0000000B)
    __rt_entry                               0x0800018f   Thumb Code     0  __rtentry.o(.ARM.Collect$$rtentry$$00000000)
    __rt_entry_presh_1                       0x0800018f   Thumb Code     0  __rtentry2.o(.ARM.Collect$$rtentry$$00000002)
    __rt_entry_sh                            0x0800018f   Thumb Code     0  __rtentry4.o(.ARM.Collect$$rtentry$$00000004)
    __rt_entry_li                            0x08000195   Thumb Code     0  __rtentry2.o(.ARM.Collect$$rtentry$$0000000A)
    __rt_entry_postsh_1                      0x08000195   Thumb Code     0  __rtentry2.o(.ARM.Collect$$rtentry$$00000009)
    __rt_entry_main                          0x08000199   Thumb Code     0  __rtentry2.o(.ARM.Collect$$rtentry$$0000000D)
    __rt_entry_postli_1                      0x08000199   Thumb Code     0  __rtentry2.o(.ARM.Collect$$rtentry$$0000000C)
    __rt_exit                                0x080001a1   Thumb Code     0  rtexit.o(.ARM.Collect$$rtexit$$00000000)
    __rt_exit_ls                             0x080001a3   Thumb Code     0  rtexit2.o(.ARM.Collect$$rtexit$$00000003)
    __rt_exit_prels_1                        0x080001a3   Thumb Code     0  rtexit2.o(.ARM.Collect$$rtexit$$00000002)
    __rt_exit_exit                           0x080001a7   Thumb Code     0  rtexit2.o(.ARM.Collect$$rtexit$$00000004)
    Reset_Handler                            0x080001ad   Thumb Code     8  startup_stm32f10x_md.o(.text)
    _maybe_terminate_alloc                   0x080001ad   Thumb Code     0  maybetermalloc1.o(.emb_text)
    PendSV_Handler                           0x080001c3   Thumb Code     2  startup_stm32f10x_md.o(.text)
    SysTick_Handler                          0x080001c5   Thumb Code     2  startup_stm32f10x_md.o(.text)
    ADC1_2_IRQHandler                        0x080001c7   Thumb Code     0  startup_stm32f10x_md.o(.text)
    CAN1_RX1_IRQHandler                      0x080001c7   Thumb Code     0  startup_stm32f10x_md.o(.text)
    CAN1_SCE_IRQHandler                      0x080001c7   Thumb Code     0  startup_stm32f10x_md.o(.text)
    DMA1_Channel1_IRQHandler                 0x080001c7   Thumb Code     0  startup_stm32f10x_md.o(.text)
    DMA1_Channel2_IRQHandler                 0x080001c7   Thumb Code     0  startup_stm32f10x_md.o(.text)
    DMA1_Channel3_IRQHandler                 0x080001c7   Thumb Code     0  startup_stm32f10x_md.o(.text)
    DMA1_Channel4_IRQHandler                 0x080001c7   Thumb Code     0  startup_stm32f10x_md.o(.text)
    DMA1_Channel5_IRQHandler                 0x080001c7   Thumb Code     0  startup_stm32f10x_md.o(.text)
    DMA1_Channel6_IRQHandler                 0x080001c7   Thumb Code     0  startup_stm32f10x_md.o(.text)
    DMA1_Channel7_IRQHandler                 0x080001c7   Thumb Code     0  startup_stm32f10x_md.o(.text)
    EXTI0_IRQHandler                         0x080001c7   Thumb Code     0  startup_stm32f10x_md.o(.text)
    EXTI15_10_IRQHandler                     0x080001c7   Thumb Code     0  startup_stm32f10x_md.o(.text)
    EXTI1_IRQHandler                         0x080001c7   Thumb Code     0  startup_stm32f10x_md.o(.text)
    EXTI2_IRQHandler                         0x080001c7   Thumb Code     0  startup_stm32f10x_md.o(.text)
    EXTI3_IRQHandler                         0x080001c7   Thumb Code     0  startup_stm32f10x_md.o(.text)
    EXTI4_IRQHandler                         0x080001c7   Thumb Code     0  startup_stm32f10x_md.o(.text)
    EXTI9_5_IRQHandler                       0x080001c7   Thumb Code     0  startup_stm32f10x_md.o(.text)
    FLASH_IRQHandler                         0x080001c7   Thumb Code     0  startup_stm32f10x_md.o(.text)
    I2C1_ER_IRQHandler                       0x080001c7   Thumb Code     0  startup_stm32f10x_md.o(.text)
    I2C1_EV_IRQHandler                       0x080001c7   Thumb Code     0  startup_stm32f10x_md.o(.text)
    I2C2_ER_IRQHandler                       0x080001c7   Thumb Code     0  startup_stm32f10x_md.o(.text)
    I2C2_EV_IRQHandler                       0x080001c7   Thumb Code     0  startup_stm32f10x_md.o(.text)
    PVD_IRQHandler                           0x080001c7   Thumb Code     0  startup_stm32f10x_md.o(.text)
    RCC_IRQHandler                           0x080001c7   Thumb Code     0  startup_stm32f10x_md.o(.text)
    RTCAlarm_IRQHandler                      0x080001c7   Thumb Code     0  startup_stm32f10x_md.o(.text)
    RTC_IRQHandler                           0x080001c7   Thumb Code     0  startup_stm32f10x_md.o(.text)
    SPI1_IRQHandler                          0x080001c7   Thumb Code     0  startup_stm32f10x_md.o(.text)
    SPI2_IRQHandler                          0x080001c7   Thumb Code     0  startup_stm32f10x_md.o(.text)
    TAMPER_IRQHandler                        0x080001c7   Thumb Code     0  startup_stm32f10x_md.o(.text)
    TIM1_BRK_IRQHandler                      0x080001c7   Thumb Code     0  startup_stm32f10x_md.o(.text)
    TIM1_CC_IRQHandler                       0x080001c7   Thumb Code     0  startup_stm32f10x_md.o(.text)
    TIM1_TRG_COM_IRQHandler                  0x080001c7   Thumb Code     0  startup_stm32f10x_md.o(.text)
    TIM1_UP_IRQHandler                       0x080001c7   Thumb Code     0  startup_stm32f10x_md.o(.text)
    TIM2_IRQHandler                          0x080001c7   Thumb Code     0  startup_stm32f10x_md.o(.text)
    TIM3_IRQHandler                          0x080001c7   Thumb Code     0  startup_stm32f10x_md.o(.text)
    TIM4_IRQHandler                          0x080001c7   Thumb Code     0  startup_stm32f10x_md.o(.text)
    USART1_IRQHandler                        0x080001c7   Thumb Code     0  startup_stm32f10x_md.o(.text)
    USART2_IRQHandler                        0x080001c7   Thumb Code     0  startup_stm32f10x_md.o(.text)
    USART3_IRQHandler                        0x080001c7   Thumb Code     0  startup_stm32f10x_md.o(.text)
    USBWakeUp_IRQHandler                     0x080001c7   Thumb Code     0  startup_stm32f10x_md.o(.text)
    USB_HP_CAN1_TX_IRQHandler                0x080001c7   Thumb Code     0  startup_stm32f10x_md.o(.text)
    USB_LP_CAN1_RX0_IRQHandler               0x080001c7   Thumb Code     0  startup_stm32f10x_md.o(.text)
    WWDG_IRQHandler                          0x080001c7   Thumb Code     0  startup_stm32f10x_md.o(.text)
    __user_initial_stackheap                 0x080001c9   Thumb Code     0  startup_stm32f10x_md.o(.text)
    __2printf                                0x080001ed   Thumb Code    20  noretval__2printf.o(.text)
    __2sprintf                               0x08000205   Thumb Code    34  noretval__2sprintf.o(.text)
    _printf_pre_padding                      0x0800022d   Thumb Code    44  _printf_pad.o(.text)
    _printf_post_padding                     0x08000259   Thumb Code    34  _printf_pad.o(.text)
    _printf_str                              0x0800027b   Thumb Code    82  _printf_str.o(.text)
    _printf_int_dec                          0x080002cd   Thumb Code   104  _printf_dec.o(.text)
    _printf_int_hex                          0x08000345   Thumb Code    84  _printf_hex_int.o(.text)
    _printf_longlong_hex                     0x08000345   Thumb Code     0  _printf_hex_int.o(.text)
    __printf                                 0x0800039d   Thumb Code   388  __printf_flags_ss_wp.o(.text)
    strstr                                   0x08000525   Thumb Code    36  strstr.o(.text)
    strlen                                   0x08000549   Thumb Code    62  strlen.o(.text)
    strcat                                   0x08000587   Thumb Code    24  strcat.o(.text)
    __aeabi_memclr                           0x0800059f   Thumb Code     0  rt_memclr.o(.text)
    __rt_memclr                              0x0800059f   Thumb Code    68  rt_memclr.o(.text)
    _memset                                  0x080005a3   Thumb Code     0  rt_memclr.o(.text)
    __aeabi_memclr4                          0x080005e3   Thumb Code     0  rt_memclr_w.o(.text)
    __aeabi_memclr8                          0x080005e3   Thumb Code     0  rt_memclr_w.o(.text)
    __rt_memclr_w                            0x080005e3   Thumb Code    78  rt_memclr_w.o(.text)
    _memset_w                                0x080005e7   Thumb Code     0  rt_memclr_w.o(.text)
    __use_two_region_memory                  0x08000631   Thumb Code     2  heapauxi.o(.text)
    __rt_heap_escrow                         0x08000633   Thumb Code     2  heapauxi.o(.text)
    __rt_heap_expand                         0x08000635   Thumb Code     2  heapauxi.o(.text)
    _printf_int_common                       0x08000637   Thumb Code   178  _printf_intcommon.o(.text)
    _printf_char_common                      0x080006f3   Thumb Code    32  _printf_char_common.o(.text)
    _sputc                                   0x08000719   Thumb Code    10  _sputc.o(.text)
    _printf_cs_common                        0x08000723   Thumb Code    20  _printf_char.o(.text)
    _printf_char                             0x08000737   Thumb Code    16  _printf_char.o(.text)
    _printf_string                           0x08000747   Thumb Code     8  _printf_char.o(.text)
    _printf_char_file                        0x08000751   Thumb Code    32  _printf_char_file.o(.text)
    ferror                                   0x08000775   Thumb Code     8  ferror.o(.text)
    _initio                                  0x0800077d   Thumb Code   210  initio.o(.text)
    _terminateio                             0x0800084f   Thumb Code    56  initio.o(.text)
    _sys_open                                0x080008b5   Thumb Code    20  sys_io.o(.text)
    _sys_close                               0x080008c9   Thumb Code    12  sys_io.o(.text)
    _sys_write                               0x080008d5   Thumb Code    16  sys_io.o(.text)
    _sys_read                                0x080008e5   Thumb Code    14  sys_io.o(.text)
    _sys_istty                               0x080008f3   Thumb Code    12  sys_io.o(.text)
    _sys_seek                                0x080008ff   Thumb Code    14  sys_io.o(.text)
    _sys_ensure                              0x0800090d   Thumb Code     2  sys_io.o(.text)
    _sys_flen                                0x0800090f   Thumb Code    12  sys_io.o(.text)
    __user_setup_stackheap                   0x0800091b   Thumb Code    74  sys_stackheap_outer.o(.text)
    free                                     0x08000965   Thumb Code    78  h1_free.o(.text)
    __flsbuf                                 0x080009b3   Thumb Code   470  flsbuf.o(.text)
    __flsbuf_byte                            0x080009b3   Thumb Code     0  flsbuf.o(.text)
    __flsbuf_wide                            0x080009b3   Thumb Code     0  flsbuf.o(.text)
    setvbuf                                  0x08000b89   Thumb Code    70  setvbuf.o(.text)
    freopen                                  0x08000bd1   Thumb Code   158  fopen.o(.text)
    fopen                                    0x08000c6f   Thumb Code    74  fopen.o(.text)
    _fclose_internal                         0x08000cbd   Thumb Code    76  fclose.o(.text)
    fclose                                   0x08000cbd   Thumb Code     0  fclose.o(.text)
    exit                                     0x08000d09   Thumb Code    12  exit.o(.text)
    __rt_SIGRTRED                            0x08000d15   Thumb Code    14  defsig_rtred_outer.o(.text)
    __user_libspace                          0x08000d25   Thumb Code     8  libspace.o(.text)
    __user_perproc_libspace                  0x08000d25   Thumb Code     0  libspace.o(.text)
    __user_perthread_libspace                0x08000d25   Thumb Code     0  libspace.o(.text)
    __I$use$semihosting                      0x08000d2d   Thumb Code     0  use_no_semi.o(.text)
    __use_no_semihosting_swi                 0x08000d2d   Thumb Code     2  use_no_semi.o(.text)
    __semihosting_library_function           0x08000d2f   Thumb Code     0  indicate_semi.o(.text)
    __rt_heap_descriptor                     0x08000d31   Thumb Code     8  rt_heap_descriptor_intlibspace.o(.text)
    __use_no_heap                            0x08000d39   Thumb Code     2  hguard.o(.text)
    __heap$guard                             0x08000d3b   Thumb Code     2  hguard.o(.text)
    _terminate_user_alloc                    0x08000d3d   Thumb Code     2  init_alloc.o(.text)
    _init_user_alloc                         0x08000d3f   Thumb Code     2  init_alloc.o(.text)
    __Heap_Full                              0x08000d41   Thumb Code    34  init_alloc.o(.text)
    __Heap_Broken                            0x08000d63   Thumb Code     6  init_alloc.o(.text)
    _init_alloc                              0x08000d69   Thumb Code    94  init_alloc.o(.text)
    malloc                                   0x08000dc7   Thumb Code    94  h1_alloc.o(.text)
    _fseek                                   0x08000e25   Thumb Code   242  fseek.o(.text)
    fseek                                    0x08000e25   Thumb Code     0  fseek.o(.text)
    _seterr                                  0x08000f1d   Thumb Code    20  stdio.o(.text)
    _writebuf                                0x08000f31   Thumb Code    84  stdio.o(.text)
    _fflush                                  0x08000f85   Thumb Code    70  stdio.o(.text)
    _deferredlazyseek                        0x08000fcb   Thumb Code    60  stdio.o(.text)
    __sig_exit                               0x0800100d   Thumb Code    10  defsig_exit.o(.text)
    __rt_SIGRTRED_inner                      0x08001019   Thumb Code    14  defsig_rtred_inner.o(.text)
    _sys_exit                                0x0800104d   Thumb Code     8  sys_exit.o(.text)
    __Heap_Initialize                        0x08001059   Thumb Code    10  h1_init.o(.text)
    __Heap_DescSize                          0x08001063   Thumb Code     4  h1_init.o(.text)
    __Heap_ProvideMemory                     0x08001067   Thumb Code    52  h1_extend.o(.text)
    _ftell_internal                          0x0800109b   Thumb Code    66  ftell.o(.text)
    ftell                                    0x0800109b   Thumb Code     0  ftell.o(.text)
    __default_signal_display                 0x080010dd   Thumb Code    50  defsig_general.o(.text)
    __rt_SIGRTMEM                            0x0800110f   Thumb Code    14  defsig_rtmem_outer.o(.text)
    _ttywrch                                 0x0800111d   Thumb Code    14  sys_wrch.o(.text)
    __aeabi_errno_addr                       0x0800112d   Thumb Code     8  rt_errno_addr_intlibspace.o(.text)
    __errno$intlibspace                      0x0800112d   Thumb Code     0  rt_errno_addr_intlibspace.o(.text)
    __rt_errno_addr$intlibspace              0x0800112d   Thumb Code     0  rt_errno_addr_intlibspace.o(.text)
    __rt_SIGRTMEM_inner                      0x08001135   Thumb Code    22  defsig_rtmem_inner.o(.text)
    BusFault_Handler                         0x08001185   Thumb Code     4  stm32f10x_it.o(i.BusFault_Handler)
    DebugMon_Handler                         0x08001189   Thumb Code     2  stm32f10x_it.o(i.DebugMon_Handler)
    HardFault_Handler                        0x0800118b   Thumb Code     4  stm32f10x_it.o(i.HardFault_Handler)
    MemManage_Handler                        0x0800118f   Thumb Code     4  stm32f10x_it.o(i.MemManage_Handler)
    NMI_Handler                              0x08001193   Thumb Code     2  stm32f10x_it.o(i.NMI_Handler)
    SHA1Input                                0x08001195   Thumb Code   106  main.o(i.SHA1Input)
    SHA1PadMessage                           0x080011ff   Thumb Code   180  main.o(i.SHA1PadMessage)
    SHA1ProcessMessageBlock                  0x080012b5   Thumb Code   624  main.o(i.SHA1ProcessMessageBlock)
    SHA1Reset                                0x08001529   Thumb Code    40  main.o(i.SHA1Reset)
    SHA1Result                               0x0800155d   Thumb Code    30  main.o(i.SHA1Result)
    SVC_Handler                              0x0800157b   Thumb Code     2  stm32f10x_it.o(i.SVC_Handler)
    SystemInit                               0x08001665   Thumb Code    78  system_stm32f10x.o(i.SystemInit)
    UsageFault_Handler                       0x080016c5   Thumb Code     4  stm32f10x_it.o(i.UsageFault_Handler)
    _is_digit                                0x080016c9   Thumb Code    14  __printf_wp.o(i._is_digit)
    base64_encode                            0x080016d9   Thumb Code   176  main.o(i.base64_encode)
    compute_accept_key                       0x08001795   Thumb Code   106  main.o(i.compute_accept_key)
    fetch_sec_key                            0x0800184d   Thumb Code    94  main.o(i.fetch_sec_key)
    fputc                                    0x080018f5   Thumb Code    26  fputc.o(i.fputc)
    htoi                                     0x0800190f   Thumb Code   132  main.o(i.htoi)
    main                                     0x08001995   Thumb Code    44  main.o(i.main)
    response                                 0x080019ed   Thumb Code     6  main.o(i.response)
    sha1_hash                                0x080019f5   Thumb Code    98  main.o(i.sha1_hash)
    shake_hand                               0x08001aa5   Thumb Code    64  main.o(i.shake_hand)
    tolower                                  0x08001b81   Thumb Code    20  main.o(i.tolower)
    base                                     0x08001b94   Data          66  main.o(.constdata)
    __stdin_name                             0x08001c44   Data           4  sys_io.o(.constdata)
    __stdout_name                            0x08001c48   Data           4  sys_io.o(.constdata)
    __stderr_name                            0x08001c4c   Data           4  sys_io.o(.constdata)
    Region$$Table$$Base                      0x08001c50   Number         0  anon$$obj.o(Region$$Table)
    Region$$Table$$Limit                     0x08001c70   Number         0  anon$$obj.o(Region$$Table)
    __aeabi_stdin                            0x20000000   Data           4  stdio_streams.o(.data)
    __aeabi_stdout                           0x20000004   Data           4  stdio_streams.o(.data)
    __aeabi_stderr                           0x20000008   Data           4  stdio_streams.o(.data)
    g_ws_read_buf                            0x2000000c   Data         544  main.o(.bss)
    g_ws_write_buf                           0x2000022c   Data         256  main.o(.bss)
    __stdin                                  0x2000032c   Data          84  stdio_streams.o(.bss)
    __stdout                                 0x20000380   Data          84  stdio_streams.o(.bss)
    __stderr                                 0x200003d4   Data          84  stdio_streams.o(.bss)
    __libspace_start                         0x20000428   Data          96  libspace.o(.bss)
    __temporary_stack_top$libspace           0x20000488   Data           0  libspace.o(.bss)



==============================================================================

Memory Map of the image

  Image Entry point : 0x080000ed

  Load Region LR_IROM1 (Base: 0x08000000, Size: 0x00001c7c, Max: 0x00020000, ABSOLUTE)

    Execution Region ER_IROM1 (Base: 0x08000000, Size: 0x00001c70, Max: 0x00020000, ABSOLUTE)

    Base Addr    Size         Type   Attr      Idx    E Section Name        Object

    0x08000000   0x000000ec   Data   RO         3197    RESET               startup_stm32f10x_md.o
    0x080000ec   0x00000008   Code   RO         3391  * !!!main             c_w.l(__main.o)
    0x080000f4   0x00000034   Code   RO         3739    !!!scatter          c_w.l(__scatter.o)
    0x08000128   0x0000001a   Code   RO         3741    !!handler_copy      c_w.l(__scatter_copy.o)
    0x08000142   0x00000002   PAD
    0x08000144   0x0000001c   Code   RO         3743    !!handler_zi        c_w.l(__scatter_zi.o)
    0x08000160   0x00000000   Code   RO         3376    .ARM.Collect$$_printf_percent$$00000000  c_w.l(_printf_percent.o)
    0x08000160   0x00000006   Code   RO         3374    .ARM.Collect$$_printf_percent$$00000009  c_w.l(_printf_d.o)
    0x08000166   0x00000006   Code   RO         3373    .ARM.Collect$$_printf_percent$$0000000C  c_w.l(_printf_x.o)
    0x0800016c   0x00000006   Code   RO         3372    .ARM.Collect$$_printf_percent$$00000014  c_w.l(_printf_s.o)
    0x08000172   0x00000004   Code   RO         3404    .ARM.Collect$$_printf_percent$$00000017  c_w.l(_printf_percent_end.o)
    0x08000176   0x00000002   Code   RO         3533    .ARM.Collect$$libinit$$00000000  c_w.l(libinit.o)
    0x08000178   0x00000000   Code   RO         3535    .ARM.Collect$$libinit$$00000002  c_w.l(libinit2.o)
    0x08000178   0x00000000   Code   RO         3537    .ARM.Collect$$libinit$$00000004  c_w.l(libinit2.o)
    0x08000178   0x00000008   Code   RO         3538    .ARM.Collect$$libinit$$00000005  c_w.l(libinit2.o)
    0x08000180   0x00000000   Code   RO         3540    .ARM.Collect$$libinit$$0000000A  c_w.l(libinit2.o)
    0x08000180   0x00000000   Code   RO         3542    .ARM.Collect$$libinit$$0000000C  c_w.l(libinit2.o)
    0x08000180   0x00000000   Code   RO         3544    .ARM.Collect$$libinit$$0000000E  c_w.l(libinit2.o)
    0x08000180   0x00000000   Code   RO         3547    .ARM.Collect$$libinit$$00000011  c_w.l(libinit2.o)
    0x08000180   0x00000000   Code   RO         3549    .ARM.Collect$$libinit$$00000013  c_w.l(libinit2.o)
    0x08000180   0x00000000   Code   RO         3551    .ARM.Collect$$libinit$$00000015  c_w.l(libinit2.o)
    0x08000180   0x00000000   Code   RO         3553    .ARM.Collect$$libinit$$00000017  c_w.l(libinit2.o)
    0x08000180   0x00000000   Code   RO         3555    .ARM.Collect$$libinit$$00000019  c_w.l(libinit2.o)
    0x08000180   0x00000000   Code   RO         3557    .ARM.Collect$$libinit$$0000001B  c_w.l(libinit2.o)
    0x08000180   0x00000000   Code   RO         3559    .ARM.Collect$$libinit$$0000001D  c_w.l(libinit2.o)
    0x08000180   0x00000000   Code   RO         3561    .ARM.Collect$$libinit$$0000001F  c_w.l(libinit2.o)
    0x08000180   0x00000000   Code   RO         3563    .ARM.Collect$$libinit$$00000021  c_w.l(libinit2.o)
    0x08000180   0x00000000   Code   RO         3565    .ARM.Collect$$libinit$$00000023  c_w.l(libinit2.o)
    0x08000180   0x00000004   Code   RO         3566    .ARM.Collect$$libinit$$00000024  c_w.l(libinit2.o)
    0x08000184   0x00000000   Code   RO         3567    .ARM.Collect$$libinit$$00000025  c_w.l(libinit2.o)
    0x08000184   0x00000000   Code   RO         3571    .ARM.Collect$$libinit$$0000002C  c_w.l(libinit2.o)
    0x08000184   0x00000000   Code   RO         3573    .ARM.Collect$$libinit$$0000002E  c_w.l(libinit2.o)
    0x08000184   0x00000000   Code   RO         3575    .ARM.Collect$$libinit$$00000030  c_w.l(libinit2.o)
    0x08000184   0x00000000   Code   RO         3577    .ARM.Collect$$libinit$$00000032  c_w.l(libinit2.o)
    0x08000184   0x00000002   Code   RO         3578    .ARM.Collect$$libinit$$00000033  c_w.l(libinit2.o)
    0x08000186   0x00000002   Code   RO         3718    .ARM.Collect$$libshutdown$$00000000  c_w.l(libshutdown.o)
    0x08000188   0x00000004   Code   RO         3580    .ARM.Collect$$libshutdown$$00000002  c_w.l(libshutdown2.o)
    0x0800018c   0x00000000   Code   RO         3581    .ARM.Collect$$libshutdown$$00000003  c_w.l(libshutdown2.o)
    0x0800018c   0x00000000   Code   RO         3584    .ARM.Collect$$libshutdown$$00000006  c_w.l(libshutdown2.o)
    0x0800018c   0x00000000   Code   RO         3587    .ARM.Collect$$libshutdown$$00000009  c_w.l(libshutdown2.o)
    0x0800018c   0x00000000   Code   RO         3589    .ARM.Collect$$libshutdown$$0000000B  c_w.l(libshutdown2.o)
    0x0800018c   0x00000000   Code   RO         3592    .ARM.Collect$$libshutdown$$0000000E  c_w.l(libshutdown2.o)
    0x0800018c   0x00000002   Code   RO         3593    .ARM.Collect$$libshutdown$$0000000F  c_w.l(libshutdown2.o)
    0x0800018e   0x00000000   Code   RO         3393    .ARM.Collect$$rtentry$$00000000  c_w.l(__rtentry.o)
    0x0800018e   0x00000000   Code   RO         3414    .ARM.Collect$$rtentry$$00000002  c_w.l(__rtentry2.o)
    0x0800018e   0x00000006   Code   RO         3426    .ARM.Collect$$rtentry$$00000004  c_w.l(__rtentry4.o)
    0x08000194   0x00000000   Code   RO         3416    .ARM.Collect$$rtentry$$00000009  c_w.l(__rtentry2.o)
    0x08000194   0x00000004   Code   RO         3417    .ARM.Collect$$rtentry$$0000000A  c_w.l(__rtentry2.o)
    0x08000198   0x00000000   Code   RO         3419    .ARM.Collect$$rtentry$$0000000C  c_w.l(__rtentry2.o)
    0x08000198   0x00000008   Code   RO         3420    .ARM.Collect$$rtentry$$0000000D  c_w.l(__rtentry2.o)
    0x080001a0   0x00000002   Code   RO         3602    .ARM.Collect$$rtexit$$00000000  c_w.l(rtexit.o)
    0x080001a2   0x00000000   Code   RO         3656    .ARM.Collect$$rtexit$$00000002  c_w.l(rtexit2.o)
    0x080001a2   0x00000004   Code   RO         3657    .ARM.Collect$$rtexit$$00000003  c_w.l(rtexit2.o)
    0x080001a6   0x00000006   Code   RO         3658    .ARM.Collect$$rtexit$$00000004  c_w.l(rtexit2.o)
    0x080001ac   0x00000000   Code   RO         3662    .emb_text           c_w.l(maybetermalloc1.o)
    0x080001ac   0x00000040   Code   RO         3198    .text               startup_stm32f10x_md.o
    0x080001ec   0x00000018   Code   RO         3319    .text               c_w.l(noretval__2printf.o)
    0x08000204   0x00000028   Code   RO         3321    .text               c_w.l(noretval__2sprintf.o)
    0x0800022c   0x0000004e   Code   RO         3325    .text               c_w.l(_printf_pad.o)
    0x0800027a   0x00000052   Code   RO         3327    .text               c_w.l(_printf_str.o)
    0x080002cc   0x00000078   Code   RO         3329    .text               c_w.l(_printf_dec.o)
    0x08000344   0x00000058   Code   RO         3334    .text               c_w.l(_printf_hex_int.o)
    0x0800039c   0x00000188   Code   RO         3369    .text               c_w.l(__printf_flags_ss_wp.o)
    0x08000524   0x00000024   Code   RO         3377    .text               c_w.l(strstr.o)
    0x08000548   0x0000003e   Code   RO         3379    .text               c_w.l(strlen.o)
    0x08000586   0x00000018   Code   RO         3381    .text               c_w.l(strcat.o)
    0x0800059e   0x00000044   Code   RO         3385    .text               c_w.l(rt_memclr.o)
    0x080005e2   0x0000004e   Code   RO         3387    .text               c_w.l(rt_memclr_w.o)
    0x08000630   0x00000006   Code   RO         3389    .text               c_w.l(heapauxi.o)
    0x08000636   0x000000b2   Code   RO         3394    .text               c_w.l(_printf_intcommon.o)
    0x080006e8   0x00000030   Code   RO         3396    .text               c_w.l(_printf_char_common.o)
    0x08000718   0x0000000a   Code   RO         3398    .text               c_w.l(_sputc.o)
    0x08000722   0x0000002c   Code   RO         3400    .text               c_w.l(_printf_char.o)
    0x0800074e   0x00000002   PAD
    0x08000750   0x00000024   Code   RO         3402    .text               c_w.l(_printf_char_file.o)
    0x08000774   0x00000008   Code   RO         3430    .text               c_w.l(ferror.o)
    0x0800077c   0x00000138   Code   RO         3436    .text               c_w.l(initio.o)
    0x080008b4   0x00000066   Code   RO         3444    .text               c_w.l(sys_io.o)
    0x0800091a   0x0000004a   Code   RO         3451    .text               c_w.l(sys_stackheap_outer.o)
    0x08000964   0x0000004e   Code   RO         3455    .text               c_w.l(h1_free.o)
    0x080009b2   0x000001d6   Code   RO         3509    .text               c_w.l(flsbuf.o)
    0x08000b88   0x00000046   Code   RO         3511    .text               c_w.l(setvbuf.o)
    0x08000bce   0x00000002   PAD
    0x08000bd0   0x000000ec   Code   RO         3514    .text               c_w.l(fopen.o)
    0x08000cbc   0x0000004c   Code   RO         3516    .text               c_w.l(fclose.o)
    0x08000d08   0x0000000c   Code   RO         3522    .text               c_w.l(exit.o)
    0x08000d14   0x0000000e   Code   RO         3524    .text               c_w.l(defsig_rtred_outer.o)
    0x08000d22   0x00000002   PAD
    0x08000d24   0x00000008   Code   RO         3596    .text               c_w.l(libspace.o)
    0x08000d2c   0x00000002   Code   RO         3599    .text               c_w.l(use_no_semi.o)
    0x08000d2e   0x00000000   Code   RO         3601    .text               c_w.l(indicate_semi.o)
    0x08000d2e   0x00000002   PAD
    0x08000d30   0x00000008   Code   RO         3609    .text               c_w.l(rt_heap_descriptor_intlibspace.o)
    0x08000d38   0x00000004   Code   RO         3611    .text               c_w.l(hguard.o)
    0x08000d3c   0x0000008a   Code   RO         3613    .text               c_w.l(init_alloc.o)
    0x08000dc6   0x0000005e   Code   RO         3619    .text               c_w.l(h1_alloc.o)
    0x08000e24   0x000000f8   Code   RO         3635    .text               c_w.l(fseek.o)
    0x08000f1c   0x000000f0   Code   RO         3637    .text               c_w.l(stdio.o)
    0x0800100c   0x0000000a   Code   RO         3643    .text               c_w.l(defsig_exit.o)
    0x08001016   0x00000002   PAD
    0x08001018   0x00000034   Code   RO         3645    .text               c_w.l(defsig_rtred_inner.o)
    0x0800104c   0x0000000c   Code   RO         3653    .text               c_w.l(sys_exit.o)
    0x08001058   0x0000000e   Code   RO         3664    .text               c_w.l(h1_init.o)
    0x08001066   0x00000034   Code   RO         3666    .text               c_w.l(h1_extend.o)
    0x0800109a   0x00000042   Code   RO         3676    .text               c_w.l(ftell.o)
    0x080010dc   0x00000032   Code   RO         3684    .text               c_w.l(defsig_general.o)
    0x0800110e   0x0000000e   Code   RO         3686    .text               c_w.l(defsig_rtmem_outer.o)
    0x0800111c   0x0000000e   Code   RO         3699    .text               c_w.l(sys_wrch.o)
    0x0800112a   0x00000002   PAD
    0x0800112c   0x00000008   Code   RO         3706    .text               c_w.l(rt_errno_addr_intlibspace.o)
    0x08001134   0x00000050   Code   RO         3712    .text               c_w.l(defsig_rtmem_inner.o)
    0x08001184   0x00000004   Code   RO         3202    i.BusFault_Handler  stm32f10x_it.o
    0x08001188   0x00000002   Code   RO         3203    i.DebugMon_Handler  stm32f10x_it.o
    0x0800118a   0x00000004   Code   RO         3204    i.HardFault_Handler  stm32f10x_it.o
    0x0800118e   0x00000004   Code   RO         3205    i.MemManage_Handler  stm32f10x_it.o
    0x08001192   0x00000002   Code   RO         3206    i.NMI_Handler       stm32f10x_it.o
    0x08001194   0x0000006a   Code   RO            1    i.SHA1Input         main.o
    0x080011fe   0x000000b4   Code   RO            2    i.SHA1PadMessage    main.o
    0x080012b2   0x00000002   PAD
    0x080012b4   0x00000274   Code   RO            3    i.SHA1ProcessMessageBlock  main.o
    0x08001528   0x00000034   Code   RO            4    i.SHA1Reset         main.o
    0x0800155c   0x0000001e   Code   RO            5    i.SHA1Result        main.o
    0x0800157a   0x00000002   Code   RO         3207    i.SVC_Handler       stm32f10x_it.o
    0x0800157c   0x00000008   Code   RO         3279    i.SetSysClock       system_stm32f10x.o
    0x08001584   0x000000e0   Code   RO         3280    i.SetSysClockTo72   system_stm32f10x.o
    0x08001664   0x00000060   Code   RO         3282    i.SystemInit        system_stm32f10x.o
    0x080016c4   0x00000004   Code   RO         3208    i.UsageFault_Handler  stm32f10x_it.o
    0x080016c8   0x0000000e   Code   RO         3362    i._is_digit         c_w.l(__printf_wp.o)
    0x080016d6   0x00000002   PAD
    0x080016d8   0x000000bc   Code   RO            7    i.base64_encode     main.o
    0x08001794   0x000000b8   Code   RO            8    i.compute_accept_key  main.o
    0x0800184c   0x000000a8   Code   RO            9    i.fetch_sec_key     main.o
    0x080018f4   0x0000001a   Code   RO         3433    i.fputc             c_w.l(fputc.o)
    0x0800190e   0x00000084   Code   RO           10    i.htoi              main.o
    0x08001992   0x00000002   PAD
    0x08001994   0x00000058   Code   RO           11    i.main              main.o
    0x080019ec   0x00000006   Code   RO           13    i.response          main.o
    0x080019f2   0x00000002   PAD
    0x080019f4   0x000000b0   Code   RO           14    i.sha1_hash         main.o
    0x08001aa4   0x000000dc   Code   RO           15    i.shake_hand        main.o
    0x08001b80   0x00000014   Code   RO           16    i.tolower           main.o
    0x08001b94   0x00000077   Data   RO           18    .constdata          main.o
    0x08001c0b   0x00000028   Data   RO         3335    .constdata          c_w.l(_printf_hex_int.o)
    0x08001c33   0x00000011   Data   RO         3370    .constdata          c_w.l(__printf_flags_ss_wp.o)
    0x08001c44   0x00000004   Data   RO         3445    .constdata          c_w.l(sys_io.o)
    0x08001c48   0x00000004   Data   RO         3446    .constdata          c_w.l(sys_io.o)
    0x08001c4c   0x00000004   Data   RO         3447    .constdata          c_w.l(sys_io.o)
    0x08001c50   0x00000020   Data   RO         3737    Region$$Table       anon$$obj.o


    Execution Region RW_IRAM1 (Base: 0x20000000, Size: 0x00000a88, Max: 0x00005000, ABSOLUTE)

    Base Addr    Size         Type   Attr      Idx    E Section Name        Object

    0x20000000   0x00000004   Data   RW         3408    .data               c_w.l(stdio_streams.o)
    0x20000004   0x00000004   Data   RW         3409    .data               c_w.l(stdio_streams.o)
    0x20000008   0x00000004   Data   RW         3410    .data               c_w.l(stdio_streams.o)
    0x2000000c   0x00000320   Zero   RW           17    .bss                main.o
    0x2000032c   0x00000054   Zero   RW         3405    .bss                c_w.l(stdio_streams.o)
    0x20000380   0x00000054   Zero   RW         3406    .bss                c_w.l(stdio_streams.o)
    0x200003d4   0x00000054   Zero   RW         3407    .bss                c_w.l(stdio_streams.o)
    0x20000428   0x00000060   Zero   RW         3597    .bss                c_w.l(libspace.o)
    0x20000488   0x00000200   Zero   RW         3196    HEAP                startup_stm32f10x_md.o
    0x20000688   0x00000400   Zero   RW         3195    STACK               startup_stm32f10x_md.o


==============================================================================

Image component sizes


      Code (inc. data)   RO Data    RW Data    ZI Data      Debug   Object Name

         0          0          0          0          0         32   core_cm3.o
      2178        458        119          0        800      11666   main.o
         0          0          0          0          0       3060   misc.o
        64         26        236          0       1536        776   startup_stm32f10x_md.o
        22          0          0          0          0       2831   stm32f10x_it.o
       328         28          0          0          0       1773   system_stm32f10x.o

    ----------------------------------------------------------------------
      2598        512        387          0       2336      20138   Object Totals
         0          0         32          0          0          0   (incl. Generated)
         6          0          0          0          0          0   (incl. Padding)

    ----------------------------------------------------------------------

      Code (inc. data)   RO Data    RW Data    ZI Data      Debug   Library Member Name

         8          0          0          0          0         68   __main.o
       392          4         17          0          0         92   __printf_flags_ss_wp.o
        14          0          0          0          0         68   __printf_wp.o
         0          0          0          0          0          0   __rtentry.o
        12          0          0          0          0          0   __rtentry2.o
         6          0          0          0          0          0   __rtentry4.o
        52          8          0          0          0          0   __scatter.o
        26          0          0          0          0          0   __scatter_copy.o
        28          0          0          0          0          0   __scatter_zi.o
        44          0          0          0          0        108   _printf_char.o
        48          6          0          0          0         96   _printf_char_common.o
        36          4          0          0          0         80   _printf_char_file.o
         6          0          0          0          0          0   _printf_d.o
       120         16          0          0          0         92   _printf_dec.o
        88          4         40          0          0         88   _printf_hex_int.o
       178          0          0          0          0         88   _printf_intcommon.o
        78          0          0          0          0        108   _printf_pad.o
         0          0          0          0          0          0   _printf_percent.o
         4          0          0          0          0          0   _printf_percent_end.o
         6          0          0          0          0          0   _printf_s.o
        82          0          0          0          0         80   _printf_str.o
         6          0          0          0          0          0   _printf_x.o
        10          0          0          0          0         68   _sputc.o
        10          0          0          0          0         68   defsig_exit.o
        50          0          0          0          0         88   defsig_general.o
        80         58          0          0          0         76   defsig_rtmem_inner.o
        14          0          0          0          0         80   defsig_rtmem_outer.o
        52         38          0          0          0         76   defsig_rtred_inner.o
        14          0          0          0          0         80   defsig_rtred_outer.o
        12          0          0          0          0         72   exit.o
        76          0          0          0          0         88   fclose.o
         8          0          0          0          0         68   ferror.o
       470          0          0          0          0         88   flsbuf.o
       236          4          0          0          0        128   fopen.o
        26          0          0          0          0         68   fputc.o
       248          6          0          0          0         84   fseek.o
        66          0          0          0          0         76   ftell.o
        94          0          0          0          0         80   h1_alloc.o
        52          0          0          0          0         68   h1_extend.o
        78          0          0          0          0         80   h1_free.o
        14          0          0          0          0         84   h1_init.o
         6          0          0          0          0        152   heapauxi.o
         4          0          0          0          0        136   hguard.o
         0          0          0          0          0          0   indicate_semi.o
       138          0          0          0          0        168   init_alloc.o
       312         46          0          0          0        112   initio.o
         2          0          0          0          0          0   libinit.o
        14          0          0          0          0          0   libinit2.o
         2          0          0          0          0          0   libshutdown.o
         6          0          0          0          0          0   libshutdown2.o
         8          4          0          0         96         68   libspace.o
         0          0          0          0          0          0   maybetermalloc1.o
        24          4          0          0          0         84   noretval__2printf.o
        40          6          0          0          0         84   noretval__2sprintf.o
         8          4          0          0          0         68   rt_errno_addr_intlibspace.o
         8          4          0          0          0         68   rt_heap_descriptor_intlibspace.o
        68          0          0          0          0         68   rt_memclr.o
        78          0          0          0          0         80   rt_memclr_w.o
         2          0          0          0          0          0   rtexit.o
        10          0          0          0          0          0   rtexit2.o
        70          0          0          0          0         80   setvbuf.o
       240          6          0          0          0        156   stdio.o
         0          0          0         12        252          0   stdio_streams.o
        24          0          0          0          0         68   strcat.o
        62          0          0          0          0         76   strlen.o
        36          0          0          0          0         80   strstr.o
        12          4          0          0          0         68   sys_exit.o
       102          0         12          0          0        240   sys_io.o
        74          0          0          0          0         80   sys_stackheap_outer.o
        14          0          0          0          0         76   sys_wrch.o
         2          0          0          0          0         68   use_no_semi.o

    ----------------------------------------------------------------------
      4226        226         69         12        348       4568   Library Totals
        16          0          0          0          0          0   (incl. Padding)

    ----------------------------------------------------------------------

      Code (inc. data)   RO Data    RW Data    ZI Data      Debug   Library Name

      4210        226         69         12        348       4568   c_w.l

    ----------------------------------------------------------------------
      4226        226         69         12        348       4568   Library Totals

    ----------------------------------------------------------------------

==============================================================================


      Code (inc. data)   RO Data    RW Data    ZI Data      Debug   

      6824        738        456         12       2684      21114   Grand Totals
      6824        738        456         12       2684      21114   ELF Image Totals
      6824        738        456         12          0          0   ROM Totals

==============================================================================

    Total RO  Size (Code + RO Data)                 7280 (   7.11kB)
    Total RW  Size (RW Data + ZI Data)              2696 (   2.63kB)
    Total ROM Size (Code + RO Data + RW Data)       7292 (   7.12kB)

==============================================================================

